Archive member included to satisfy reference by file (symbol)

app/libapp.a(main.c.obj)      (--whole-archive)
app/libapp.a(config_options.c.obj)
                              (--whole-archive)
app/libapp.a(rx_sniff.c.obj)  (--whole-archive)
app/libapp.a(deca_device.c.obj)
                              (--whole-archive)
app/libapp.a(port.c.obj)      (--whole-archive)
app/libapp.a(deca_sleep.c.obj)
                              (--whole-archive)
app/libapp.a(deca_spi.c.obj)  (--whole-archive)
app/libapp.a(shared_functions.c.obj)
                              (--whole-archive)
zephyr/libzephyr.a(heap.c.obj)
                              (--whole-archive)
zephyr/libzephyr.a(cbprintf_packaged.c.obj)
                              (--whole-archive)
zephyr/libzephyr.a(printk.c.obj)
                              (--whole-archive)
zephyr/libzephyr.a(sem.c.obj)
                              (--whole-archive)
zephyr/libzephyr.a(thread_entry.c.obj)
                              (--whole-archive)
zephyr/libzephyr.a(cbprintf_complete.c.obj)
                              (--whole-archive)
zephyr/libzephyr.a(assert.c.obj)
                              (--whole-archive)
zephyr/libzephyr.a(mpsc_pbuf.c.obj)
                              (--whole-archive)
zephyr/libzephyr.a(dec.c.obj)
                              (--whole-archive)
zephyr/libzephyr.a(hex.c.obj)
                              (--whole-archive)
zephyr/libzephyr.a(rb.c.obj)  (--whole-archive)
zephyr/libzephyr.a(timeutil.c.obj)
                              (--whole-archive)
zephyr/libzephyr.a(bitarray.c.obj)
                              (--whole-archive)
zephyr/libzephyr.a(onoff.c.obj)
                              (--whole-archive)
zephyr/libzephyr.a(notify.c.obj)
                              (--whole-archive)
zephyr/libzephyr.a(configs.c.obj)
                              (--whole-archive)
zephyr/libzephyr.a(log_core.c.obj)
                              (--whole-archive)
zephyr/libzephyr.a(log_mgmt.c.obj)
                              (--whole-archive)
zephyr/libzephyr.a(log_cache.c.obj)
                              (--whole-archive)
zephyr/libzephyr.a(log_msg.c.obj)
                              (--whole-archive)
zephyr/libzephyr.a(log_output.c.obj)
                              (--whole-archive)
zephyr/libzephyr.a(log_backend_rtt.c.obj)
                              (--whole-archive)
zephyr/libzephyr.a(log_backend_uart.c.obj)
                              (--whole-archive)
zephyr/libzephyr.a(mem_attr.c.obj)
                              (--whole-archive)
zephyr/libzephyr.a(tracing_none.c.obj)
                              (--whole-archive)
zephyr/libzephyr.a(banner.c.obj)
                              (--whole-archive)
zephyr/libzephyr.a(flash_map_partition_manager.c.obj)
                              (--whole-archive)
zephyr/libzephyr.a(nrf_cc3xx_platform_abort_zephyr.c.obj)
                              (--whole-archive)
zephyr/libzephyr.a(nrf_cc3xx_platform_mutex_zephyr.c.obj)
                              (--whole-archive)
zephyr/arch/common/libarch__common.a(sw_isr_common.c.obj)
                              (--whole-archive)
zephyr/arch/arch/arm/core/libarch__arm__core.a(fatal.c.obj)
                              (--whole-archive)
zephyr/arch/arch/arm/core/libarch__arm__core.a(nmi.c.obj)
                              (--whole-archive)
zephyr/arch/arch/arm/core/libarch__arm__core.a(nmi_on_reset.S.obj)
                              (--whole-archive)
zephyr/arch/arch/arm/core/libarch__arm__core.a(tls.c.obj)
                              (--whole-archive)
zephyr/arch/arch/arm/core/cortex_m/libarch__arm__core__cortex_m.a(exc_exit.c.obj)
                              (--whole-archive)
zephyr/arch/arch/arm/core/cortex_m/libarch__arm__core__cortex_m.a(fault.c.obj)
                              (--whole-archive)
zephyr/arch/arch/arm/core/cortex_m/libarch__arm__core__cortex_m.a(fault_s.S.obj)
                              (--whole-archive)
zephyr/arch/arch/arm/core/cortex_m/libarch__arm__core__cortex_m.a(fpu.c.obj)
                              (--whole-archive)
zephyr/arch/arch/arm/core/cortex_m/libarch__arm__core__cortex_m.a(reset.S.obj)
                              (--whole-archive)
zephyr/arch/arch/arm/core/cortex_m/libarch__arm__core__cortex_m.a(scb.c.obj)
                              (--whole-archive)
zephyr/arch/arch/arm/core/cortex_m/libarch__arm__core__cortex_m.a(thread_abort.c.obj)
                              (--whole-archive)
zephyr/arch/arch/arm/core/cortex_m/libarch__arm__core__cortex_m.a(vector_table.S.obj)
                              (--whole-archive)
zephyr/arch/arch/arm/core/cortex_m/libarch__arm__core__cortex_m.a(swap.c.obj)
                              (--whole-archive)
zephyr/arch/arch/arm/core/cortex_m/libarch__arm__core__cortex_m.a(swap_helper.S.obj)
                              (--whole-archive)
zephyr/arch/arch/arm/core/cortex_m/libarch__arm__core__cortex_m.a(irq_manage.c.obj)
                              (--whole-archive)
[...]
Memory Configuration

Name             Origin             Length             Attributes
FLASH            0x0000000000000000 0x0000000000100000 xr
RAM              0x0000000020000000 0x0000000000040000 xw
IDT_LIST         0x00000000ffff7fff 0x0000000000008000 xw
*default*        0x0000000000000000 0xffffffffffffffff

Linker script and memory map

                0x000000000000a240                vfprintf = __l_vfprintf
                0x0000000000000000                vfscanf = __l_vfscanf
LOAD zephyr/CMakeFiles/zephyr_pre0.dir/misc/empty_file.c.obj
LOAD zephyr/CMakeFiles/offsets.dir/./arch/arm/core/offsets/offsets.c.obj
LOAD app/libapp.a
LOAD zephyr/libzephyr.a
LOAD zephyr/arch/common/libarch__common.a
LOAD zephyr/arch/arch/arm/core/libarch__arm__core.a
LOAD zephyr/arch/arch/arm/core/cortex_m/libarch__arm__core__cortex_m.a
LOAD zephyr/arch/arch/arm/core/mpu/libarch__arm__core__mpu.a
LOAD zephyr/lib/libc/picolibc/liblib__libc__picolibc.a
LOAD zephyr/lib/libc/common/liblib__libc__common.a
LOAD zephyr/soc/soc/nrf52840/libsoc__nordic.a
LOAD zephyr/drivers/clock_control/libdrivers__clock_control.a
LOAD zephyr/drivers/console/libdrivers__console.a
LOAD zephyr/drivers/gpio/libdrivers__gpio.a
LOAD zephyr/drivers/pinctrl/libdrivers__pinctrl.a
LOAD zephyr/drivers/serial/libdrivers__serial.a
LOAD zephyr/drivers/spi/libdrivers__spi.a
LOAD zephyr/drivers/timer/libdrivers__timer.a
LOAD modules/nrf/drivers/hw_cc3xx/lib..__nrf__drivers__hw_cc3xx.a
LOAD modules/hal_nordic/nrfx/libmodules__hal_nordic__nrfx.a
LOAD modules/segger/libmodules__segger.a
LOAD zephyr/kernel/libkernel.a
LOAD zephyr/arch/common/libisr_tables.a
LOAD D:/Downloads/nordictest/sdk/nrfxlib/crypto/nrf_cc310_platform/lib/cortex-m4/soft-float/no-interrupts/libnrf_cc310_platform_0.9.19.a
LOAD c:\ncs\toolchains\b620d30767\opt\zephyr-sdk\arm-zephyr-eabi\bin\../lib/gcc/../../picolibc/arm-zephyr-eabi/lib/thumb/v7e-m/nofp\libc.a
LOAD c:/ncs/toolchains/b620d30767/opt/zephyr-sdk/arm-zephyr-eabi/bin/../lib/gcc/arm-zephyr-eabi/12.2.0/thumb/v7e-m/nofp\libgcc.a
                0x0000000000000020                _region_min_align = 0x20

.rel.plt        0x0000000000000000        0x0
 *(SORT_BY_ALIGNMENT(.rel.plt))
                [!provide]                        PROVIDE (__rel_iplt_start = .)
 *(SORT_BY_ALIGNMENT(.rel.iplt))
 .rel.iplt      0x0000000000000000        0x0 app/libapp.a(main.c.obj)
                [!provide]                        PROVIDE (__rel_iplt_end = .)

.rela.plt       0x0000000000000000        0x0
 *(SORT_BY_ALIGNMENT(.rela.plt))
                [!provide]                        PROVIDE (__rela_iplt_start = .)
 *(SORT_BY_ALIGNMENT(.rela.iplt))
                [!provide]                        PROVIDE (__rela_iplt_end = .)

.rel.dyn
 *(SORT_BY_ALIGNMENT(.rel.*))

.rela.dyn
 *(SORT_BY_ALIGNMENT(.rela.*))

/DISCARD/
 *(SORT_BY_ALIGNMENT(.plt))

/DISCARD/
 *(SORT_BY_ALIGNMENT(.iplt))
                0x0000000000000000                __rom_region_start = 0x0

rom_start       0x0000000000000000      0x100
                0x0000000000000000                __rom_start_address = .
 FILL mask 0x00
                0x0000000000000000                . = (. + (0x0 - (. - __rom_start_address)))
                0x0000000000000000                . = ALIGN (0x4)
                0x0000000000000000                . = ALIGN (0x80)
                0x0000000000000000                . = ALIGN (0x100)
                0x0000000000000000                _vector_start = .
 *(SORT_BY_ALIGNMENT(.exc_vector_table))
 *(SORT_BY_ALIGNMENT(.exc_vector_table.*))
 .exc_vector_table._vector_table_section
                0x0000000000000000       0x40 zephyr/arch/arch/arm/core/cortex_m/libarch__arm__core__cortex_m.a(vector_table.S.obj)
                0x0000000000000000                _vector_table
 *(SORT_BY_ALIGNMENT(.vectors))
                0x0000000000000100                _vector_end = .
                0x0000000000000040                . = ALIGN (0x4)
 *(SORT_BY_ALIGNMENT(.gnu.linkonce.irq_vector_table*))
 .gnu.linkonce.irq_vector_table
                0x0000000000000040       0xc0 zephyr/arch/common/libisr_tables.a(isr_tables.c.obj)
                0x0000000000000040                _irq_vector_table
                0x0000000000000100                _vector_end = .

text            0x0000000000000100     0xde10
                0x0000000000000100                __text_region_start = .
 *(SORT_BY_ALIGNMENT(.text))
 .text          0x0000000000000100      0x21c c:/ncs/toolchains/b620d30767/opt/zephyr-sdk/arm-zephyr-eabi/bin/../lib/gcc/arm-zephyr-eabi/12.2.0/thumb/v7e-m/nofp\libgcc.a(_arm_addsubsf3.o)
                0x0000000000000100                __aeabi_frsub
                0x0000000000000108                __subsf3
                0x0000000000000108                __aeabi_fsub
                0x000000000000010c                __aeabi_fadd
                0x000000000000010c                __addsf3
                0x000000000000026c                __aeabi_ui2f
                0x000000000000026c                __floatunsisf
                0x0000000000000274                __aeabi_i2f
                0x0000000000000274                __floatsisf
                0x0000000000000290                __aeabi_ul2f
                0x0000000000000290                __floatundisf
                0x00000000000002a0                __aeabi_l2f
                0x00000000000002a0                __floatdisf
 .text          0x000000000000031c      0x2a0 c:/ncs/toolchains/b620d30767/opt/zephyr-sdk/arm-zephyr-eabi/bin/../lib/gcc/arm-zephyr-eabi/12.2.0/thumb/v7e-m/nofp\libgcc.a(_arm_muldivsf3.o)
                0x000000000000031c                __mulsf3
                0x000000000000031c                __aeabi_fmul
                0x0000000000000484                __aeabi_fdiv
                0x0000000000000484                __divsf3
 .text          0x00000000000005bc       0x4c c:/ncs/toolchains/b620d30767/opt/zephyr-sdk/arm-zephyr-eabi/bin/../lib/gcc/arm-zephyr-eabi/12.2.0/thumb/v7e-m/nofp\libgcc.a(_arm_fixsfsi.o)
                0x00000000000005bc                __aeabi_f2iz
                0x00000000000005bc                __fixsfsi
 .text          0x0000000000000608       0x30 c:/ncs/toolchains/b620d30767/opt/zephyr-sdk/arm-zephyr-eabi/bin/../lib/gcc/arm-zephyr-eabi/12.2.0/thumb/v7e-m/nofp\libgcc.a(_aeabi_uldivmod.o)
                0x0000000000000608                __aeabi_uldivmod
 .text          0x0000000000000638        0x4 c:/ncs/toolchains/b620d30767/opt/zephyr-sdk/arm-zephyr-eabi/bin/../lib/gcc/arm-zephyr-eabi/12.2.0/thumb/v7e-m/nofp\libgcc.a(_dvmd_tls.o)
                0x0000000000000638                __aeabi_idiv0
                0x0000000000000638                __aeabi_ldiv0
 .text          0x000000000000063c       0x14 c:\ncs\toolchains\b620d30767\opt\zephyr-sdk\arm-zephyr-eabi\bin\../lib/gcc/../../picolibc/arm-zephyr-eabi/lib/thumb/v7e-m/nofp\libc.a(strcmp.S.o)
                0x000000000000063c                strcmp
 .text          0x0000000000000650       0x10 c:\ncs\toolchains\b620d30767\opt\zephyr-sdk\arm-zephyr-eabi\bin\../lib/gcc/../../picolibc/arm-zephyr-eabi/lib/thumb/v7e-m/nofp\libc.a(strlen.S.o)
                0x0000000000000650                strlen
 .text          0x0000000000000660      0x2a0 c:/ncs/toolchains/b620d30767/opt/zephyr-sdk/arm-zephyr-eabi/bin/../lib/gcc/arm-zephyr-eabi/12.2.0/thumb/v7e-m/nofp\libgcc.a(_udivmoddi4.o)
                0x0000000000000660                __udivmoddi4
 *(SORT_BY_ALIGNMENT(.text.*))
 .text.main_thread
                0x0000000000000900       0xd4 app/libapp.a(main.c.obj)
                0x0000000000000900                main_thread
 .text.app_main
                0x00000000000009d4      0x19c app/libapp.a(rx_sniff.c.obj)
                0x00000000000009d4                app_main
 .text.dwt_generatecrc8
                0x0000000000000b70       0x28 app/libapp.a(deca_device.c.obj)
                0x0000000000000b70                dwt_generatecrc8
 .text.dwt_xfer3000
                0x0000000000000b98       0xfc app/libapp.a(deca_device.c.obj)
 .text.dwt_disable_rftx_blocks
                0x0000000000000c94       0x14 app/libapp.a(deca_device.c.obj)
 .text.dwt_disable_rf_tx
                0x0000000000000ca8       0x34 app/libapp.a(deca_device.c.obj)
 .text.dwt_force_clocks
                0x0000000000000cdc       0x30 app/libapp.a(deca_device.c.obj)
 .text._dwt_otpread
                0x0000000000000d0c       0x3c app/libapp.a(deca_device.c.obj)
 .text._dwt_kick_dgc_on_wakeup
                0x0000000000000d48       0x34 app/libapp.a(deca_device.c.obj)
 .text.dwt_enable_rf_tx
                0x0000000000000d7c       0x74 app/libapp.a(deca_device.c.obj)
 .text.dwt_enable_rftx_blocks
                0x0000000000000df0       0x38 app/libapp.a(deca_device.c.obj)
 .text._dwt_prog_ldo_and_bias_tune
                0x0000000000000e28       0x34 app/libapp.a(deca_device.c.obj)
 .text.dwt_setdwstate
                0x0000000000000e5c       0x84 app/libapp.a(deca_device.c.obj)
                0x0000000000000e5c                dwt_setdwstate
 .text.dwt_configmrxlut
                0x0000000000000ee0       0xec app/libapp.a(deca_device.c.obj)
                0x0000000000000ee0                dwt_configmrxlut
 .text.dwt_run_pgfcal
                0x0000000000000fcc       0xb0 app/libapp.a(deca_device.c.obj)
                0x0000000000000fcc                dwt_run_pgfcal
 .text.dwt_pgf_cal
                0x000000000000107c       0x48 app/libapp.a(deca_device.c.obj)
                0x000000000000107c                dwt_pgf_cal
 .text.dwt_writetxdata
                0x00000000000010c4       0x58 app/libapp.a(deca_device.c.obj)
                0x00000000000010c4                dwt_writetxdata
 .text.dwt_writetxfctrl
                0x000000000000111c       0x40 app/libapp.a(deca_device.c.obj)
                0x000000000000111c                dwt_writetxfctrl
 .text.dwt_configure
                0x000000000000115c      0x38c app/libapp.a(deca_device.c.obj)
                0x000000000000115c                dwt_configure
 .text.dwt_clearaonconfig
                0x00000000000014e8       0x38 app/libapp.a(deca_device.c.obj)
                0x00000000000014e8                dwt_clearaonconfig
 .text.dwt_check_dev_id
                0x0000000000001520       0x3c app/libapp.a(deca_device.c.obj)
                0x0000000000001520                dwt_check_dev_id
 .text.dwt_initialise
                0x000000000000155c      0x120 app/libapp.a(deca_device.c.obj)
                0x000000000000155c                dwt_initialise
 .text.dwt_setleds
                0x000000000000167c       0x80 app/libapp.a(deca_device.c.obj)
                0x000000000000167c                dwt_setleds
 .text.dwt_starttx
                0x00000000000016fc      0x13c app/libapp.a(deca_device.c.obj)
                0x00000000000016fc                dwt_starttx
 .text.dwt_softreset
                0x0000000000001838       0x40 app/libapp.a(deca_device.c.obj)
                0x0000000000001838                dwt_softreset
 .text.dwt_calcbandwidthadj
                0x0000000000001878       0x6c app/libapp.a(deca_device.c.obj)
                0x0000000000001878                dwt_calcbandwidthadj
 .text.dwt_configuretxrf
                0x00000000000018e4       0x48 app/libapp.a(deca_device.c.obj)
                0x00000000000018e4                dwt_configuretxrf
 .text.peripherals_init
                0x000000000000192c      0x95c app/libapp.a(port.c.obj)
                0x000000000000192c                peripherals_init
 .text.reset_DWIC
                0x0000000000002288       0xcc app/libapp.a(port.c.obj)
                0x0000000000002288                reset_DWIC
 .text.openspi  0x0000000000002354      0x308 app/libapp.a(deca_spi.c.obj)
                0x0000000000002354                openspi
 .text.set_spi_speed_slow
                0x000000000000265c       0x40 app/libapp.a(deca_spi.c.obj)
                0x000000000000265c                set_spi_speed_slow
 .text.set_spi_speed_fast
                0x000000000000269c       0x40 app/libapp.a(deca_spi.c.obj)
                0x000000000000269c                set_spi_speed_fast
 .text.writetospiwithcrc
                0x00000000000026dc       0x74 app/libapp.a(deca_spi.c.obj)
                0x00000000000026dc                writetospiwithcrc
 .text.writetospi
                0x0000000000002750       0x54 app/libapp.a(deca_spi.c.obj)
                0x0000000000002750                writetospi
 .text.readfromspi
                0x00000000000027a4       0x84 app/libapp.a(deca_spi.c.obj)
                0x00000000000027a4                readfromspi
 .text.cbvprintf_package
                0x0000000000002828      0x4b8 zephyr/libzephyr.a(cbprintf_packaged.c.obj)
                0x0000000000002828                cbvprintf_package
 .text.cbprintf_package_convert
                0x0000000000002ce0      0x4b4 zephyr/libzephyr.a(cbprintf_packaged.c.obj)
                0x0000000000002ce0                cbprintf_package_convert
 .text.__printk_hook_install
                0x0000000000003194        0xc zephyr/libzephyr.a(printk.c.obj)
                0x0000000000003194                __printk_hook_install
 .text.z_thread_entry
                0x00000000000031a0       0x34 zephyr/libzephyr.a(thread_entry.c.obj)
                0x00000000000031a0                z_thread_entry
 .text.process_event
                0x00000000000031d4      0x16c zephyr/libzephyr.a(onoff.c.obj)
 .text.msg_process
                0x0000000000003340       0x3c zephyr/libzephyr.a(log_core.c.obj)
 .text.log_backend_notify_all
                0x000000000000337c       0x30 zephyr/libzephyr.a(log_core.c.obj)
 .text.activate_foreach_backend
                0x00000000000033ac       0x64 zephyr/libzephyr.a(log_core.c.obj)
 .text.z_log_init
                0x0000000000003410       0x98 zephyr/libzephyr.a(log_core.c.obj)
 .text.thread_set
                0x00000000000034a8       0x28 zephyr/libzephyr.a(log_core.c.obj)
 .text.log_process_thread_timer_expiry_fn
                0x00000000000034d0       0x10 zephyr/libzephyr.a(log_core.c.obj)
 .text.enable_logger
                0x00000000000034e0       0x5c zephyr/libzephyr.a(log_core.c.obj)
 .text.log_format_func_t_get
                0x000000000000353c        0xc zephyr/libzephyr.a(log_core.c.obj)
                0x000000000000353c                log_format_func_t_get
 .text.log_set_timestamp_func
                0x0000000000003548       0x24 zephyr/libzephyr.a(log_core.c.obj)
                0x0000000000003548                log_set_timestamp_func
 .text.z_log_notify_backend_enabled
                0x000000000000356c       0x20 zephyr/libzephyr.a(log_core.c.obj)
                0x000000000000356c                z_log_notify_backend_enabled
 .text.z_log_dropped
                0x000000000000358c       0x54 zephyr/libzephyr.a(log_core.c.obj)
                0x000000000000358c                z_log_dropped
 .text.z_log_dropped_read_and_clear
                0x00000000000035e0       0x20 zephyr/libzephyr.a(log_core.c.obj)
                0x00000000000035e0                z_log_dropped_read_and_clear
 .text.dropped_notify
                0x0000000000003600       0x38 zephyr/libzephyr.a(log_core.c.obj)
                0x0000000000003600                dropped_notify
 .text.z_log_dropped_pending
                0x0000000000003638       0x14 zephyr/libzephyr.a(log_core.c.obj)
                0x0000000000003638                z_log_dropped_pending
 .text.z_log_msg_init
                0x000000000000364c       0x20 zephyr/libzephyr.a(log_core.c.obj)
                0x000000000000364c                z_log_msg_init
 .text.log_core_init
                0x000000000000366c       0x30 zephyr/libzephyr.a(log_core.c.obj)
                0x000000000000366c                log_core_init
 .text.z_log_msg_alloc
                0x000000000000369c       0x10 zephyr/libzephyr.a(log_core.c.obj)
                0x000000000000369c                z_log_msg_alloc
 .text.z_log_msg_local_claim
                0x00000000000036ac       0x10 zephyr/libzephyr.a(log_core.c.obj)
                0x00000000000036ac                z_log_msg_local_claim
 .text.z_log_msg_free
                0x00000000000036bc       0x14 zephyr/libzephyr.a(log_core.c.obj)
                0x00000000000036bc                z_log_msg_free
 .text.z_log_msg_pending
                0x00000000000036d0       0x10 zephyr/libzephyr.a(log_core.c.obj)
                0x00000000000036d0                z_log_msg_pending
 .text.z_impl_log_process
                0x00000000000036e0       0xbc zephyr/libzephyr.a(log_core.c.obj)
                0x00000000000036e0                z_impl_log_process
 .text.z_impl_log_panic
                0x000000000000379c       0x4c zephyr/libzephyr.a(log_core.c.obj)
                0x000000000000379c                z_impl_log_panic
 .text.z_log_msg_post_finalize
                0x00000000000037e8       0x84 zephyr/libzephyr.a(log_core.c.obj)
 .text.z_log_msg_commit
                0x000000000000386c       0x20 zephyr/libzephyr.a(log_core.c.obj)
                0x000000000000386c                z_log_msg_commit
 .text.log_process_thread_func
                0x000000000000388c       0x78 zephyr/libzephyr.a(log_core.c.obj)
 .text.log_src_cnt_get
                0x0000000000003904       0x14 zephyr/libzephyr.a(log_mgmt.c.obj)
                0x0000000000003904                log_src_cnt_get
 .text.log_source_name_get
                0x0000000000003918       0x1c zephyr/libzephyr.a(log_mgmt.c.obj)
                0x0000000000003918                log_source_name_get
 .text.log_backend_enable
                0x0000000000003934       0x2c zephyr/libzephyr.a(log_mgmt.c.obj)
                0x0000000000003934                log_backend_enable
 .text.cbprintf_package_copy
                0x0000000000003960       0x30 zephyr/libzephyr.a(log_msg.c.obj)
 .text.z_impl_z_log_msg_static_create
                0x0000000000003990      0x158 zephyr/libzephyr.a(log_msg.c.obj)
                0x0000000000003990                z_impl_z_log_msg_static_create
 .text.z_log_msg_runtime_vcreate
                0x0000000000003ae8       0xac zephyr/libzephyr.a(log_msg.c.obj)
                0x0000000000003ae8                z_log_msg_runtime_vcreate
 .text.log_msg_get_source_id
                0x0000000000003b94       0x18 zephyr/libzephyr.a(log_msg.c.obj)
                0x0000000000003b94                log_msg_get_source_id
 .text.print_formatted
                0x0000000000003bac       0x24 zephyr/libzephyr.a(log_output.c.obj)
 .text.timestamp_print
                0x0000000000003bd0       0x8c zephyr/libzephyr.a(log_output.c.obj)
 .text.color_print
                0x0000000000003c5c       0x2c zephyr/libzephyr.a(log_output.c.obj)
 .text.ids_print
                0x0000000000003c88       0x70 zephyr/libzephyr.a(log_output.c.obj)
 .text.prefix_print
                0x0000000000003cf8       0x88 zephyr/libzephyr.a(log_output.c.obj)
 .text.newline_print
                0x0000000000003d80       0x28 zephyr/libzephyr.a(log_output.c.obj)
 .text.hexdump_line_print
                0x0000000000003da8       0xc4 zephyr/libzephyr.a(log_output.c.obj)
 .text.log_output_process
                0x0000000000003e6c       0x88 zephyr/libzephyr.a(log_output.c.obj)
                0x0000000000003e6c                log_output_process
 .text.log_output_dropped_process
                0x0000000000003ef4       0x84 zephyr/libzephyr.a(log_output.c.obj)
                0x0000000000003ef4                log_output_dropped_process
 .text.log_output_timestamp_freq_set
                0x0000000000003f78       0x2c zephyr/libzephyr.a(log_output.c.obj)
                0x0000000000003f78                log_output_timestamp_freq_set
 .text.log_backend_rtt_init
                0x0000000000003fa4       0x1c zephyr/libzephyr.a(log_backend_rtt.c.obj)
 .text.panic    0x0000000000003fc0       0x18 zephyr/libzephyr.a(log_backend_rtt.c.obj)
 .text.format_set
                0x0000000000003fd8        0xc zephyr/libzephyr.a(log_backend_rtt.c.obj)
 .text.on_failed_write
                0x0000000000003fe4       0x2c zephyr/libzephyr.a(log_backend_rtt.c.obj)
 .text.on_write
                0x0000000000004010       0x38 zephyr/libzephyr.a(log_backend_rtt.c.obj)
 .text.data_out_block_mode
                0x0000000000004048       0x70 zephyr/libzephyr.a(log_backend_rtt.c.obj)
 .text.dropped  0x00000000000040b8       0x10 zephyr/libzephyr.a(log_backend_rtt.c.obj)
 .text.process  0x00000000000040c8       0x20 zephyr/libzephyr.a(log_backend_rtt.c.obj)
 .text.char_out
                0x00000000000040e8       0x24 zephyr/libzephyr.a(log_backend_uart.c.obj)
 .text.mem_attr_get_regions
                0x000000000000410c        0xc zephyr/libzephyr.a(mem_attr.c.obj)
                0x000000000000410c                mem_attr_get_regions
 .text.boot_banner
                0x0000000000004118       0x18 zephyr/libzephyr.a(banner.c.obj)
                0x0000000000004118                boot_banner
 .text.nrf_cc3xx_platform_abort_init
                0x0000000000004130       0x10 zephyr/libzephyr.a(nrf_cc3xx_platform_abort_zephyr.c.obj)
                0x0000000000004130                nrf_cc3xx_platform_abort_init
 .text.mutex_flags_unknown
                0x0000000000004140       0x50 zephyr/libzephyr.a(nrf_cc3xx_platform_mutex_zephyr.c.obj)
 .text.mutex_unlock_platform
                0x0000000000004190       0x58 zephyr/libzephyr.a(nrf_cc3xx_platform_mutex_zephyr.c.obj)
 .text.mutex_lock_platform
                0x00000000000041e8       0x64 zephyr/libzephyr.a(nrf_cc3xx_platform_mutex_zephyr.c.obj)
 .text.mutex_free_platform
                0x000000000000424c       0x5c zephyr/libzephyr.a(nrf_cc3xx_platform_mutex_zephyr.c.obj)
 .text.mutex_init_platform
                0x00000000000042a8       0x88 zephyr/libzephyr.a(nrf_cc3xx_platform_mutex_zephyr.c.obj)
 .text.nrf_cc3xx_platform_mutex_init
                0x0000000000004330       0x28 zephyr/libzephyr.a(nrf_cc3xx_platform_mutex_zephyr.c.obj)
                0x0000000000004330                nrf_cc3xx_platform_mutex_init
 .text.esf_dump
                0x0000000000004358      0x160 zephyr/arch/arch/arm/core/libarch__arm__core.a(fatal.c.obj)
 .text.z_arm_fatal_error
                0x00000000000044b8       0x38 zephyr/arch/arch/arm/core/libarch__arm__core.a(fatal.c.obj)
                0x00000000000044b8                z_arm_fatal_error
 .text.z_SysNmiOnReset
                0x00000000000044f0        0x8 zephyr/arch/arch/arm/core/libarch__arm__core.a(nmi_on_reset.S.obj)
                0x00000000000044f0                z_SysNmiOnReset
 .text.z_tls_copy
                0x00000000000044f8       0x28 zephyr/arch/arch/arm/core/libarch__arm__core.a(tls.c.obj)
 .text.arch_tls_stack_setup
                0x0000000000004520       0x24 zephyr/arch/arch/arm/core/libarch__arm__core.a(tls.c.obj)
                0x0000000000004520                arch_tls_stack_setup
 .text._HandlerModeExit
                0x0000000000004544       0x28 zephyr/arch/arch/arm/core/cortex_m/libarch__arm__core__cortex_m.a(exc_exit.c.obj)
                0x0000000000004544                z_arm_int_exit
                0x0000000000004544                z_arm_exc_exit
 .text.z_arm_is_synchronous_svc
                0x000000000000456c       0x3c zephyr/arch/arch/arm/core/cortex_m/libarch__arm__core__cortex_m.a(fault.c.obj)
 .text.get_esf  0x00000000000045a8       0x48 zephyr/arch/arch/arm/core/cortex_m/libarch__arm__core__cortex_m.a(fault.c.obj)
 .text.usage_fault
                0x00000000000045f0       0xd4 zephyr/arch/arch/arm/core/cortex_m/libarch__arm__core__cortex_m.a(fault.c.obj)
 .text.debug_monitor
                0x00000000000046c4       0x1c zephyr/arch/arch/arm/core/cortex_m/libarch__arm__core__cortex_m.a(fault.c.obj)
 .text.reserved_exception
                0x00000000000046e0       0xd8 zephyr/arch/arch/arm/core/cortex_m/libarch__arm__core__cortex_m.a(fault.c.obj)
 .text.bus_fault
                0x00000000000047b8      0x110 zephyr/arch/arch/arm/core/cortex_m/libarch__arm__core__cortex_m.a(fault.c.obj)
 .text.mem_manage_fault
                0x00000000000048c8      0x148 zephyr/arch/arch/arm/core/cortex_m/libarch__arm__core__cortex_m.a(fault.c.obj)
 .text.hard_fault
                0x0000000000004a10       0xd0 zephyr/arch/arch/arm/core/cortex_m/libarch__arm__core__cortex_m.a(fault.c.obj)
 .text.z_arm_fault
                0x0000000000004ae0       0x88 zephyr/arch/arch/arm/core/cortex_m/libarch__arm__core__cortex_m.a(fault.c.obj)
                0x0000000000004ae0                z_arm_fault
 .text.z_arm_fault_init
                0x0000000000004b68       0x18 zephyr/arch/arch/arm/core/cortex_m/libarch__arm__core__cortex_m.a(fault.c.obj)
                0x0000000000004b68                z_arm_fault_init
 .text.__fault  0x0000000000004b80       0x14 zephyr/arch/arch/arm/core/cortex_m/libarch__arm__core__cortex_m.a(fault_s.S.obj)
                0x0000000000004b80                z_arm_usage_fault
                0x0000000000004b80                z_arm_mpu_fault
                0x0000000000004b80                z_arm_exc_spurious
                0x0000000000004b80                z_arm_debug_monitor
                0x0000000000004b80                z_arm_hard_fault
                0x0000000000004b80                z_arm_bus_fault
 .text._reset_section
                0x0000000000004b94       0x54 zephyr/arch/arch/arm/core/cortex_m/libarch__arm__core__cortex_m.a(reset.S.obj)
                0x0000000000004b94                __start
                0x0000000000004b94                z_arm_reset
 .text.z_arm_clear_arm_mpu_config
                0x0000000000004be8       0x28 zephyr/arch/arch/arm/core/cortex_m/libarch__arm__core__cortex_m.a(scb.c.obj)
                0x0000000000004be8                z_arm_clear_arm_mpu_config
 .text.z_arm_init_arch_hw_at_boot
                0x0000000000004c10       0x54 zephyr/arch/arch/arm/core/cortex_m/libarch__arm__core__cortex_m.a(scb.c.obj)
                0x0000000000004c10                z_arm_init_arch_hw_at_boot
 .text.z_impl_k_thread_abort
                0x0000000000004c64       0x34 zephyr/arch/arch/arm/core/cortex_m/libarch__arm__core__cortex_m.a(thread_abort.c.obj)
                0x0000000000004c64                z_impl_k_thread_abort
 .text.arch_swap
                0x0000000000004c98       0x30 zephyr/arch/arch/arm/core/cortex_m/libarch__arm__core__cortex_m.a(swap.c.obj)
                0x0000000000004c98                arch_swap
 .text.z_arm_pendsv_c
                0x0000000000004cc8       0x48 zephyr/arch/arch/arm/core/cortex_m/libarch__arm__core__cortex_m.a(swap.c.obj)
                0x0000000000004cc8                z_arm_pendsv_c
 .text.z_arm_pendsv
                0x0000000000004d10       0x34 zephyr/arch/arch/arm/core/cortex_m/libarch__arm__core__cortex_m.a(swap_helper.S.obj)
                0x0000000000004d10                z_arm_pendsv
 .text.z_arm_svc
                0x0000000000004d44       0x20 zephyr/arch/arch/arm/core/cortex_m/libarch__arm__core__cortex_m.a(swap_helper.S.obj)
                0x0000000000004d44                z_arm_svc
 .text.__NVIC_EnableIRQ
                0x0000000000004d64       0x1c zephyr/arch/arch/arm/core/cortex_m/libarch__arm__core__cortex_m.a(irq_manage.c.obj)
 .text.__NVIC_DisableIRQ
                0x0000000000004d80       0x24 zephyr/arch/arch/arm/core/cortex_m/libarch__arm__core__cortex_m.a(irq_manage.c.obj)
 .text.__NVIC_SetPriority
                0x0000000000004da4       0x28 zephyr/arch/arch/arm/core/cortex_m/libarch__arm__core__cortex_m.a(irq_manage.c.obj)
 .text.arch_irq_is_enabled
                0x0000000000004dcc       0x1c zephyr/arch/arch/arm/core/cortex_m/libarch__arm__core__cortex_m.a(irq_manage.c.obj)
                0x0000000000004dcc                arch_irq_is_enabled
 .text.z_prep_c
                0x0000000000004de8       0x38 zephyr/arch/arch/arm/core/cortex_m/libarch__arm__core__cortex_m.a(prep_c.c.obj)
                0x0000000000004de8                z_prep_c
 .text.arch_new_thread
                0x0000000000004e20       0x40 zephyr/arch/arch/arm/core/cortex_m/libarch__arm__core__cortex_m.a(thread.c.obj)
                0x0000000000004e20                arch_new_thread
 .text.z_check_thread_stack_fail
                0x0000000000004e60       0x40 zephyr/arch/arch/arm/core/cortex_m/libarch__arm__core__cortex_m.a(thread.c.obj)
                0x0000000000004e60                z_check_thread_stack_fail
 .text.arch_switch_to_main_thread
                0x0000000000004ea0       0x44 zephyr/arch/arch/arm/core/cortex_m/libarch__arm__core__cortex_m.a(thread.c.obj)
                0x0000000000004ea0                arch_switch_to_main_thread
 .text.z_arm_cpu_idle_init
                0x0000000000004ee4        0xc zephyr/arch/arch/arm/core/cortex_m/libarch__arm__core__cortex_m.a(cpu_idle.c.obj)
                0x0000000000004ee4                z_arm_cpu_idle_init
 .text.z_arm_interrupt_init
                0x0000000000004ef0       0x34 zephyr/arch/arch/arm/core/cortex_m/libarch__arm__core__cortex_m.a(irq_init.c.obj)
                0x0000000000004ef0                z_arm_interrupt_init
 .text._isr_wrapper
                0x0000000000004f24       0x20 zephyr/arch/arch/arm/core/cortex_m/libarch__arm__core__cortex_m.a(isr_wrapper.c.obj)
                0x0000000000004f24                _isr_wrapper
 .text.z_arm_configure_static_mpu_regions
                0x0000000000004f44       0x1c zephyr/arch/arch/arm/core/mpu/libarch__arm__core__mpu.a(arm_core_mpu.c.obj)
                0x0000000000004f44                z_arm_configure_static_mpu_regions
 .text.z_arm_configure_dynamic_mpu_regions
                0x0000000000004f60       0x24 zephyr/arch/arch/arm/core/mpu/libarch__arm__core__mpu.a(arm_core_mpu.c.obj)
                0x0000000000004f60                z_arm_configure_dynamic_mpu_regions
 .text.region_init
                0x0000000000004f84       0x28 zephyr/arch/arch/arm/core/mpu/libarch__arm__core__mpu.a(arm_mpu.c.obj)
 .text.region_allocate_and_init
                0x0000000000004fac       0x3c zephyr/arch/arch/arm/core/mpu/libarch__arm__core__mpu.a(arm_mpu.c.obj)
 .text.mpu_configure_regions
                0x0000000000004fe8       0x64 zephyr/arch/arch/arm/core/mpu/libarch__arm__core__mpu.a(arm_mpu.c.obj)
 .text.mpu_configure_static_mpu_regions
                0x000000000000504c       0x14 zephyr/arch/arch/arm/core/mpu/libarch__arm__core__mpu.a(arm_mpu.c.obj)
 .text.mpu_configure_dynamic_mpu_regions
                0x0000000000005060       0x3c zephyr/arch/arch/arm/core/mpu/libarch__arm__core__mpu.a(arm_mpu.c.obj)
 .text.arm_core_mpu_enable
                0x000000000000509c       0x18 zephyr/arch/arch/arm/core/mpu/libarch__arm__core__mpu.a(arm_mpu.c.obj)
                0x000000000000509c                arm_core_mpu_enable
 .text.arm_core_mpu_disable
                0x00000000000050b4       0x14 zephyr/arch/arch/arm/core/mpu/libarch__arm__core__mpu.a(arm_mpu.c.obj)
                0x00000000000050b4                arm_core_mpu_disable
 .text.z_arm_mpu_init
                0x00000000000050c8       0x80 zephyr/arch/arch/arm/core/mpu/libarch__arm__core__mpu.a(arm_mpu.c.obj)
                0x00000000000050c8                z_arm_mpu_init
 .text.z_impl_zephyr_fputc
                0x0000000000005148       0x10 zephyr/lib/libc/picolibc/liblib__libc__picolibc.a(libc-hooks.c.obj)
                0x0000000000005148                z_impl_zephyr_fputc
 .text.__stdout_hook_install
                0x0000000000005158       0x18 zephyr/lib/libc/picolibc/liblib__libc__picolibc.a(libc-hooks.c.obj)
                0x0000000000005158                __stdout_hook_install
 .text.cbvprintf
                0x0000000000005170       0x34 zephyr/lib/libc/picolibc/liblib__libc__picolibc.a(libc-hooks.c.obj)
                0x0000000000005170                cbvprintf
 .text.malloc_prepare
                0x00000000000051a4       0x24 zephyr/lib/libc/common/liblib__libc__common.a(malloc.c.obj)
 .text.nordicsemi_nrf52_init
                0x00000000000051c8       0x34 zephyr/soc/soc/nrf52840/libsoc__nordic.a(soc.c.obj)
 .text.arch_busy_wait
                0x00000000000051fc       0x18 zephyr/soc/soc/nrf52840/libsoc__nordic.a(soc.c.obj)
                0x00000000000051fc                arch_busy_wait
 .text.get_hf_flags
                0x0000000000005214        0x8 zephyr/drivers/clock_control/libdrivers__clock_control.a(clock_control_nrf.c.obj)
 .text.get_subsys
                0x000000000000521c       0x18 zephyr/drivers/clock_control/libdrivers__clock_control.a(clock_control_nrf.c.obj)
 .text.onoff_stop
                0x0000000000005234       0x20 zephyr/drivers/clock_control/libdrivers__clock_control.a(clock_control_nrf.c.obj)
 .text.onoff_start
                0x0000000000005254       0x34 zephyr/drivers/clock_control/libdrivers__clock_control.a(clock_control_nrf.c.obj)
 .text.clock_event_handler
                0x0000000000005288       0x34 zephyr/drivers/clock_control/libdrivers__clock_control.a(clock_control_nrf.c.obj)
 .text.generic_hfclk_start
                0x00000000000052bc       0x70 zephyr/drivers/clock_control/libdrivers__clock_control.a(clock_control_nrf.c.obj)
 .text.generic_hfclk_stop
                0x000000000000532c       0x34 zephyr/drivers/clock_control/libdrivers__clock_control.a(clock_control_nrf.c.obj)
 .text.lfclk_spinwait
                0x0000000000005360       0xcc zephyr/drivers/clock_control/libdrivers__clock_control.a(clock_control_nrf.c.obj)
 .text.api_blocking_start
                0x000000000000542c       0x38 zephyr/drivers/clock_control/libdrivers__clock_control.a(clock_control_nrf.c.obj)
 .text.clk_init
                0x0000000000005464       0x60 zephyr/drivers/clock_control/libdrivers__clock_control.a(clock_control_nrf.c.obj)
 .text.z_nrf_clock_control_lf_on
                0x00000000000054c4       0x54 zephyr/drivers/clock_control/libdrivers__clock_control.a(clock_control_nrf.c.obj)
                0x00000000000054c4                z_nrf_clock_control_lf_on
 .text.console_out
                0x0000000000005518       0x28 zephyr/drivers/console/libdrivers__console.a(uart_console.c.obj)
 .text.uart_console_hook_install
                0x0000000000005540       0x18 zephyr/drivers/console/libdrivers__console.a(uart_console.c.obj)
 .text.uart_console_init
                0x0000000000005558       0x1c zephyr/drivers/console/libdrivers__console.a(uart_console.c.obj)
 .text.nrf_gpio_reconfigure
                0x0000000000005574       0xbc zephyr/drivers/gpio/libdrivers__gpio.a(gpio_nrfx.c.obj)
 .text.nrf_gpio_pin_dir_get
                0x0000000000005630       0x2c zephyr/drivers/gpio/libdrivers__gpio.a(gpio_nrfx.c.obj)
 .text.get_dev  0x000000000000565c       0x1c zephyr/drivers/gpio/libdrivers__gpio.a(gpio_nrfx.c.obj)
 .text.gpio_nrfx_pin_interrupt_configure
                0x0000000000005678       0xe0 zephyr/drivers/gpio/libdrivers__gpio.a(gpio_nrfx.c.obj)
 .text.gpio_nrfx_pin_configure
                0x0000000000005758      0x1c0 zephyr/drivers/gpio/libdrivers__gpio.a(gpio_nrfx.c.obj)
 .text.gpio_nrfx_init
                0x0000000000005918       0x54 zephyr/drivers/gpio/libdrivers__gpio.a(gpio_nrfx.c.obj)
 .text.nrf_gpio_cfg
                0x000000000000596c       0x50 zephyr/drivers/pinctrl/libdrivers__pinctrl.a(pinctrl_nrf.c.obj)
 .text.nrf_gpio_pin_set
                0x00000000000059bc       0x28 zephyr/drivers/pinctrl/libdrivers__pinctrl.a(pinctrl_nrf.c.obj)
 .text.nrf_gpio_pin_clear
                0x00000000000059e4       0x28 zephyr/drivers/pinctrl/libdrivers__pinctrl.a(pinctrl_nrf.c.obj)
 .text.pinctrl_configure_pins
                0x0000000000005a0c      0x29c zephyr/drivers/pinctrl/libdrivers__pinctrl.a(pinctrl_nrf.c.obj)
                0x0000000000005a0c                pinctrl_configure_pins
 .text.uarte_nrfx_poll_out
                0x0000000000005ca8       0x68 zephyr/drivers/serial/libdrivers__serial.a(uart_nrfx_uarte.c.obj)
 .text.endtx_stoptx_ppi_init
                0x0000000000005d10       0x4c zephyr/drivers/serial/libdrivers__serial.a(uart_nrfx_uarte.c.obj)
 .text.uarte_instance_init
                0x0000000000005d5c       0x38 zephyr/drivers/serial/libdrivers__serial.a(uart_nrfx_uarte.c.obj)
 .text.nrf_gpio_pin_set
                0x0000000000005d94       0x28 zephyr/drivers/spi/libdrivers__spi.a(spi_nrfx_spi.c.obj)
 .text.nrf_gpio_pin_clear
                0x0000000000005dbc       0x28 zephyr/drivers/spi/libdrivers__spi.a(spi_nrfx_spi.c.obj)
 .text.get_nrf_spi_frequency
                0x0000000000005de4       0x68 zephyr/drivers/spi/libdrivers__spi.a(spi_nrfx_spi.c.obj)
 .text.spi_context_wait_for_completion
                0x0000000000005e4c       0x94 zephyr/drivers/spi/libdrivers__spi.a(spi_nrfx_spi.c.obj)
 .text.configure
                0x0000000000005ee0      0x214 zephyr/drivers/spi/libdrivers__spi.a(spi_nrfx_spi.c.obj)
 .text.transfer_next_chunk
                0x00000000000060f4       0x6c zephyr/drivers/spi/libdrivers__spi.a(spi_nrfx_spi.c.obj)
 .text.event_handler
                0x0000000000006160       0xb4 zephyr/drivers/spi/libdrivers__spi.a(spi_nrfx_spi.c.obj)
 .text.transceive
                0x0000000000006214       0xc8 zephyr/drivers/spi/libdrivers__spi.a(spi_nrfx_spi.c.obj)
 .text.spi_context_cs_configure_all
                0x00000000000062dc       0xfc zephyr/drivers/spi/libdrivers__spi.a(spi_nrfx_spi.c.obj)
 .text.spi_nrfx_init
                0x00000000000063d8       0x70 zephyr/drivers/spi/libdrivers__spi.a(spi_nrfx_spi.c.obj)
 .text.nrf_gpio_cfg
                0x0000000000006448       0x50 zephyr/drivers/spi/libdrivers__spi.a(spi_nrfx_common.c.obj)
 .text.spi_nrfx_wake_init
                0x0000000000006498       0x64 zephyr/drivers/spi/libdrivers__spi.a(spi_nrfx_common.c.obj)
                0x0000000000006498                spi_nrfx_wake_init
 .text.nrf_gpio_pin_set
                0x00000000000064fc       0x28 zephyr/drivers/spi/libdrivers__spi.a(spi_nrfx_spim.c.obj)
 .text.nrf_gpio_pin_clear
                0x0000000000006524       0x28 zephyr/drivers/spi/libdrivers__spi.a(spi_nrfx_spim.c.obj)
 .text.get_nrf_spim_frequency
                0x000000000000654c       0x8c zephyr/drivers/spi/libdrivers__spi.a(spi_nrfx_spim.c.obj)
 .text.spi_context_wait_for_completion
                0x00000000000065d8       0x94 zephyr/drivers/spi/libdrivers__spi.a(spi_nrfx_spim.c.obj)
 .text.configure
                0x000000000000666c      0x234 zephyr/drivers/spi/libdrivers__spi.a(spi_nrfx_spim.c.obj)
 .text.transfer_next_chunk
                0x00000000000068a0       0xc4 zephyr/drivers/spi/libdrivers__spi.a(spi_nrfx_spim.c.obj)
 .text.event_handler
                0x0000000000006964       0xd0 zephyr/drivers/spi/libdrivers__spi.a(spi_nrfx_spim.c.obj)
 .text.transceive
                0x0000000000006a34       0xcc zephyr/drivers/spi/libdrivers__spi.a(spi_nrfx_spim.c.obj)
 .text.spi_context_cs_configure_all
                0x0000000000006b00       0xfc zephyr/drivers/spi/libdrivers__spi.a(spi_nrfx_spim.c.obj)
 .text.spi_nrfx_init
                0x0000000000006bfc       0x7c zephyr/drivers/spi/libdrivers__spi.a(spi_nrfx_spim.c.obj)
 .text.set_comparator
                0x0000000000006c78       0x14 zephyr/drivers/timer/libdrivers__timer.a(nrf_rtc_timer.c.obj)
 .text.event_enable
                0x0000000000006c8c       0x14 zephyr/drivers/timer/libdrivers__timer.a(nrf_rtc_timer.c.obj)
 .text.event_disable
                0x0000000000006ca0       0x14 zephyr/drivers/timer/libdrivers__timer.a(nrf_rtc_timer.c.obj)
 .text.counter  0x0000000000006cb4        0xc zephyr/drivers/timer/libdrivers__timer.a(nrf_rtc_timer.c.obj)
 .text.set_alarm
                0x0000000000006cc0       0x88 zephyr/drivers/timer/libdrivers__timer.a(nrf_rtc_timer.c.obj)
 .text.int_event_disable_rtc
                0x0000000000006d48       0x18 zephyr/drivers/timer/libdrivers__timer.a(nrf_rtc_timer.c.obj)
 .text.compare_int_lock
                0x0000000000006d60       0x4c zephyr/drivers/timer/libdrivers__timer.a(nrf_rtc_timer.c.obj)
 .text.channel_processing_check_and_clear
                0x0000000000006dac       0x60 zephyr/drivers/timer/libdrivers__timer.a(nrf_rtc_timer.c.obj)
 .text.compare_int_unlock
                0x0000000000006e0c       0x60 zephyr/drivers/timer/libdrivers__timer.a(nrf_rtc_timer.c.obj)
 .text.sys_clock_timeout_handler
                0x0000000000006e6c       0x50 zephyr/drivers/timer/libdrivers__timer.a(nrf_rtc_timer.c.obj)
 .text.z_nrf_rtc_timer_read
                0x0000000000006ebc       0x40 zephyr/drivers/timer/libdrivers__timer.a(nrf_rtc_timer.c.obj)
                0x0000000000006ebc                z_nrf_rtc_timer_read
 .text.compare_set_nolocks
                0x0000000000006efc       0xac zephyr/drivers/timer/libdrivers__timer.a(nrf_rtc_timer.c.obj)
 .text.sys_clock_driver_init
                0x0000000000006fa8       0x9c zephyr/drivers/timer/libdrivers__timer.a(nrf_rtc_timer.c.obj)
 .text.process_channel
                0x0000000000007044       0x7c zephyr/drivers/timer/libdrivers__timer.a(nrf_rtc_timer.c.obj)
 .text.rtc_nrf_isr
                0x00000000000070c0       0x40 zephyr/drivers/timer/libdrivers__timer.a(nrf_rtc_timer.c.obj)
                0x00000000000070c0                rtc_nrf_isr
 .text.sys_clock_set_timeout
                0x0000000000007100       0x74 zephyr/drivers/timer/libdrivers__timer.a(nrf_rtc_timer.c.obj)
                0x0000000000007100                sys_clock_set_timeout
 .text.sys_clock_elapsed
                0x0000000000007174       0x14 zephyr/drivers/timer/libdrivers__timer.a(nrf_rtc_timer.c.obj)
                0x0000000000007174                sys_clock_elapsed
 .text.__NVIC_SystemReset
                0x0000000000007188       0x24 modules/hal_nordic/nrfx/libmodules__hal_nordic__nrfx.a(system_nrf52840.c.obj)
 .text.nvmc_wait
                0x00000000000071ac       0x10 modules/hal_nordic/nrfx/libmodules__hal_nordic__nrfx.a(system_nrf52840.c.obj)
                0x00000000000071ac                nvmc_wait
 .text.nvmc_config
                0x00000000000071bc       0x14 modules/hal_nordic/nrfx/libmodules__hal_nordic__nrfx.a(system_nrf52840.c.obj)
                0x00000000000071bc                nvmc_config
 .text.SystemInit
                0x00000000000071d0      0x178 modules/hal_nordic/nrfx/libmodules__hal_nordic__nrfx.a(system_nrf52840.c.obj)
                0x00000000000071d0                SystemInit
 .text.nrfx_flag32_alloc
                0x0000000000007348       0x48 modules/hal_nordic/nrfx/libmodules__hal_nordic__nrfx.a(nrfx_flag32_allocator.c.obj)
                0x0000000000007348                nrfx_flag32_alloc
 .text.nrfx_flag32_free
                0x0000000000007390       0x44 modules/hal_nordic/nrfx/libmodules__hal_nordic__nrfx.a(nrfx_flag32_allocator.c.obj)
                0x0000000000007390                nrfx_flag32_free
 .text.nrfx_gppi_channels_enable
                0x00000000000073d4        0xc modules/hal_nordic/nrfx/libmodules__hal_nordic__nrfx.a(nrfx_gppi_ppi.c.obj)
                0x00000000000073d4                nrfx_gppi_channels_enable
 .text.nrfx_gppi_channel_endpoints_setup
                0x00000000000073e0       0x14 modules/hal_nordic/nrfx/libmodules__hal_nordic__nrfx.a(nrfx_gppi_ppi.c.obj)
                0x00000000000073e0                nrfx_gppi_channel_endpoints_setup
 .text.clock_stop
                0x00000000000073f4       0x8c modules/hal_nordic/nrfx/libmodules__hal_nordic__nrfx.a(nrfx_clock.c.obj)
 .text.nrfx_clock_init
                0x0000000000007480       0x28 modules/hal_nordic/nrfx/libmodules__hal_nordic__nrfx.a(nrfx_clock.c.obj)
                0x0000000000007480                nrfx_clock_init
 .text.nrfx_clock_enable
                0x00000000000074a8       0x20 modules/hal_nordic/nrfx/libmodules__hal_nordic__nrfx.a(nrfx_clock.c.obj)
                0x00000000000074a8                nrfx_clock_enable
 .text.nrfx_clock_start
                0x00000000000074c8       0xdc modules/hal_nordic/nrfx/libmodules__hal_nordic__nrfx.a(nrfx_clock.c.obj)
                0x00000000000074c8                nrfx_clock_start
 .text.nrfx_power_clock_irq_handler
                0x00000000000075a4       0x7c modules/hal_nordic/nrfx/libmodules__hal_nordic__nrfx.a(nrfx_clock.c.obj)
                0x00000000000075a4                nrfx_power_clock_irq_handler
 .text.nrf_gpio_cfg
                0x0000000000007620       0x50 modules/hal_nordic/nrfx/libmodules__hal_nordic__nrfx.a(nrfx_gpiote.c.obj)
 .text.nrf_gpio_reconfigure
                0x0000000000007670       0xbc modules/hal_nordic/nrfx/libmodules__hal_nordic__nrfx.a(nrfx_gpiote.c.obj)
 .text.nrf_gpio_pin_read
                0x000000000000772c       0x28 modules/hal_nordic/nrfx/libmodules__hal_nordic__nrfx.a(nrfx_gpiote.c.obj)
 .text.nrf_gpio_pin_sense_get
                0x0000000000007754       0x2c modules/hal_nordic/nrfx/libmodules__hal_nordic__nrfx.a(nrfx_gpiote.c.obj)
 .text.nrf_gpio_latches_read_and_clear
                0x0000000000007780       0x44 modules/hal_nordic/nrfx/libmodules__hal_nordic__nrfx.a(nrfx_gpiote.c.obj)
 .text.nrf_gpio_pin_latch_clear
                0x00000000000077c4       0x28 modules/hal_nordic/nrfx/libmodules__hal_nordic__nrfx.a(nrfx_gpiote.c.obj)
 .text.get_pin_idx
                0x00000000000077ec       0x14 modules/hal_nordic/nrfx/libmodules__hal_nordic__nrfx.a(nrfx_gpiote.c.obj)
 .text.get_cb   0x0000000000007800        0x8 modules/hal_nordic/nrfx/libmodules__hal_nordic__nrfx.a(nrfx_gpiote.c.obj)
 .text.gpiote_output_configure
                0x0000000000007808       0xf8 modules/hal_nordic/nrfx/libmodules__hal_nordic__nrfx.a(nrfx_gpiote.c.obj)
 .text.gpiote_channel_get
                0x0000000000007900       0x38 modules/hal_nordic/nrfx/libmodules__hal_nordic__nrfx.a(nrfx_gpiote.c.obj)
 .text.latch_pending_read_and_check
                0x0000000000007938       0x50 modules/hal_nordic/nrfx/libmodules__hal_nordic__nrfx.a(nrfx_gpiote.c.obj)
 .text.pin_handler_set
                0x0000000000007988       0x88 modules/hal_nordic/nrfx/libmodules__hal_nordic__nrfx.a(nrfx_gpiote.c.obj)
 .text.gpiote_input_configure
                0x0000000000007a10      0x16c modules/hal_nordic/nrfx/libmodules__hal_nordic__nrfx.a(nrfx_gpiote.c.obj)
 .text.pin_uninit
                0x0000000000007b7c       0x34 modules/hal_nordic/nrfx/libmodules__hal_nordic__nrfx.a(nrfx_gpiote.c.obj)
 .text.gpiote_init
                0x0000000000007bb0       0x4c modules/hal_nordic/nrfx/libmodules__hal_nordic__nrfx.a(nrfx_gpiote.c.obj)
 .text.port_event_handle
                0x0000000000007bfc       0xc4 modules/hal_nordic/nrfx/libmodules__hal_nordic__nrfx.a(nrfx_gpiote.c.obj)
 .text.nrfx_gpiote_0_irq_handler
                0x0000000000007cc0       0x14 modules/hal_nordic/nrfx/libmodules__hal_nordic__nrfx.a(nrfx_gpiote.c.obj)
                0x0000000000007cc0                nrfx_gpiote_0_irq_handler
 .text.nrfx_ppi_channel_alloc
                0x0000000000007cd4       0x10 modules/hal_nordic/nrfx/libmodules__hal_nordic__nrfx.a(nrfx_ppi.c.obj)
                0x0000000000007cd4                nrfx_ppi_channel_alloc
 .text.nrf_gpio_cfg
                0x0000000000007ce4       0x50 modules/hal_nordic/nrfx/libmodules__hal_nordic__nrfx.a(nrfx_spi.c.obj)
 .text.nrf_gpio_pin_set
                0x0000000000007d34       0x28 modules/hal_nordic/nrfx/libmodules__hal_nordic__nrfx.a(nrfx_spi.c.obj)
 .text.nrf_gpio_pin_clear
                0x0000000000007d5c       0x28 modules/hal_nordic/nrfx/libmodules__hal_nordic__nrfx.a(nrfx_spi.c.obj)
 .text.spi_configure
                0x0000000000007d84       0x88 modules/hal_nordic/nrfx/libmodules__hal_nordic__nrfx.a(nrfx_spi.c.obj)
 .text.nrfx_spi_init
                0x0000000000007e0c       0x68 modules/hal_nordic/nrfx/libmodules__hal_nordic__nrfx.a(nrfx_spi.c.obj)
                0x0000000000007e0c                nrfx_spi_init
 .text.nrfx_spi_uninit
                0x0000000000007e74       0x88 modules/hal_nordic/nrfx/libmodules__hal_nordic__nrfx.a(nrfx_spi.c.obj)
                0x0000000000007e74                nrfx_spi_uninit
 .text.nrfx_spi_xfer
                0x0000000000007efc       0x90 modules/hal_nordic/nrfx/libmodules__hal_nordic__nrfx.a(nrfx_spi.c.obj)
                0x0000000000007efc                nrfx_spi_xfer
 .text.nrfx_spi_1_irq_handler
                0x0000000000007f8c       0x14 modules/hal_nordic/nrfx/libmodules__hal_nordic__nrfx.a(nrfx_spi.c.obj)
                0x0000000000007f8c                nrfx_spi_1_irq_handler
 .text.nrf_gpio_cfg
                0x0000000000007fa0       0x50 modules/hal_nordic/nrfx/libmodules__hal_nordic__nrfx.a(nrfx_spim.c.obj)
 .text.nrf_gpio_pin_set
                0x0000000000007ff0       0x28 modules/hal_nordic/nrfx/libmodules__hal_nordic__nrfx.a(nrfx_spim.c.obj)
 .text.nrf_gpio_pin_clear
                0x0000000000008018       0x28 modules/hal_nordic/nrfx/libmodules__hal_nordic__nrfx.a(nrfx_spim.c.obj)
 .text.anomaly_198_enable
                0x0000000000008040       0x58 modules/hal_nordic/nrfx/libmodules__hal_nordic__nrfx.a(nrfx_spim.c.obj)
 .text.anomaly_198_disable
                0x0000000000008098       0x14 modules/hal_nordic/nrfx/libmodules__hal_nordic__nrfx.a(nrfx_spim.c.obj)
 .text.configure_pins
                0x00000000000080ac       0x98 modules/hal_nordic/nrfx/libmodules__hal_nordic__nrfx.a(nrfx_spim.c.obj)
 .text.spim_frequency_valid_check
                0x0000000000008144       0x94 modules/hal_nordic/nrfx/libmodules__hal_nordic__nrfx.a(nrfx_spim.c.obj)
 .text.spim_frequency_bit_decode
                0x00000000000081d8       0xb0 modules/hal_nordic/nrfx/libmodules__hal_nordic__nrfx.a(nrfx_spim.c.obj)
 .text.spim_configuration_verify
                0x0000000000008288       0x60 modules/hal_nordic/nrfx/libmodules__hal_nordic__nrfx.a(nrfx_spim.c.obj)
 .text.spim_configure
                0x00000000000082e8      0x100 modules/hal_nordic/nrfx/libmodules__hal_nordic__nrfx.a(nrfx_spim.c.obj)
 .text.spim_xfer
                0x00000000000083e8      0x114 modules/hal_nordic/nrfx/libmodules__hal_nordic__nrfx.a(nrfx_spim.c.obj)
 .text.irq_handler
                0x00000000000084fc       0x2c modules/hal_nordic/nrfx/libmodules__hal_nordic__nrfx.a(nrfx_spim.c.obj)
 .text.nrfx_spim_init
                0x0000000000008528       0x70 modules/hal_nordic/nrfx/libmodules__hal_nordic__nrfx.a(nrfx_spim.c.obj)
                0x0000000000008528                nrfx_spim_init
 .text.nrfx_spim_uninit
                0x0000000000008598       0xd0 modules/hal_nordic/nrfx/libmodules__hal_nordic__nrfx.a(nrfx_spim.c.obj)
                0x0000000000008598                nrfx_spim_uninit
 .text.nrfx_spim_xfer
                0x0000000000008668       0x68 modules/hal_nordic/nrfx/libmodules__hal_nordic__nrfx.a(nrfx_spim.c.obj)
                0x0000000000008668                nrfx_spim_xfer
 .text.nrfx_spim_3_irq_handler
                0x00000000000086d0       0x14 modules/hal_nordic/nrfx/libmodules__hal_nordic__nrfx.a(nrfx_spim.c.obj)
                0x00000000000086d0                nrfx_spim_3_irq_handler
 .text._DoInit  0x00000000000086e4       0x64 modules/segger/libmodules__segger.a(SEGGER_RTT.c.obj)
 .text.SEGGER_RTT_WriteSkipNoLock
                0x0000000000008748       0xd0 modules/segger/libmodules__segger.a(SEGGER_RTT.c.obj)
                0x0000000000008748                SEGGER_RTT_WriteSkipNoLock
 .text.SEGGER_RTT_HasDataUp
                0x0000000000008818       0x20 modules/segger/libmodules__segger.a(SEGGER_RTT.c.obj)
                0x0000000000008818                SEGGER_RTT_HasDataUp
 .text.zephyr_rtt_mutex_lock
                0x0000000000008838       0x18 modules/segger/libmodules__segger.a(SEGGER_RTT_zephyr.c.obj)
                0x0000000000008838                zephyr_rtt_mutex_lock
 .text.zephyr_rtt_mutex_unlock
                0x0000000000008850       0x10 modules/segger/libmodules__segger.a(SEGGER_RTT_zephyr.c.obj)
                0x0000000000008850                zephyr_rtt_mutex_unlock
 .text.z_device_state_init
                0x0000000000008860       0x18 zephyr/kernel/libkernel.a(device.c.obj)
                0x0000000000008860                z_device_state_init
 .text.z_impl_device_get_binding
                0x0000000000008878       0x64 zephyr/kernel/libkernel.a(device.c.obj)
                0x0000000000008878                z_impl_device_get_binding
 .text.reason_to_str
                0x00000000000088dc       0x40 zephyr/kernel/libkernel.a(fatal.c.obj)
 .text.thread_name_get
                0x000000000000891c       0x20 zephyr/kernel/libkernel.a(fatal.c.obj)
 .text.k_sys_fatal_error_handler
                0x000000000000893c       0x20 zephyr/kernel/libkernel.a(fatal.c.obj)
                0x000000000000893c                k_sys_fatal_error_handler
 .text.z_fatal_error
                0x000000000000895c      0x1f4 zephyr/kernel/libkernel.a(fatal.c.obj)
                0x000000000000895c                z_fatal_error
 .text.z_sys_init_run_level
                0x0000000000008b50       0x34 zephyr/kernel/libkernel.a(init.c.obj)
 .text.init_idle_thread
                0x0000000000008b84       0x58 zephyr/kernel/libkernel.a(init.c.obj)
 .text.thread_schedule_new
                0x0000000000008bdc       0x1c zephyr/kernel/libkernel.a(init.c.obj)
 .text.z_init_static_threads
                0x0000000000008bf8       0x70 zephyr/kernel/libkernel.a(init.c.obj)
 .text.bg_thread_main
                0x0000000000008c68       0x38 zephyr/kernel/libkernel.a(init.c.obj)
 .text.switch_to_main_thread
                0x0000000000008ca0       0x14 zephyr/kernel/libkernel.a(init.c.obj)
 .text.z_bss_zero
                0x0000000000008cb4       0x18 zephyr/kernel/libkernel.a(init.c.obj)
                0x0000000000008cb4                z_bss_zero
 .text.z_init_cpu
                0x0000000000008ccc       0x44 zephyr/kernel/libkernel.a(init.c.obj)
                0x0000000000008ccc                z_init_cpu
 .text.prepare_multithreading
                0x0000000000008d10       0x60 zephyr/kernel/libkernel.a(init.c.obj)
 .text.z_cstart
                0x0000000000008d70       0x90 zephyr/kernel/libkernel.a(init.c.obj)
                0x0000000000008d70                z_cstart
 .text.init_mem_slab_obj_core_list
                0x0000000000008e00       0x24 zephyr/kernel/libkernel.a(mem_slab.c.obj)
 .text.k_mem_slab_alloc
                0x0000000000008e24       0x64 zephyr/kernel/libkernel.a(mem_slab.c.obj)
                0x0000000000008e24                k_mem_slab_alloc
 .text.z_impl_k_mutex_lock
                0x0000000000008e88      0x100 zephyr/kernel/libkernel.a(mutex.c.obj)
                0x0000000000008e88                z_impl_k_mutex_lock
 .text.z_impl_k_mutex_unlock
                0x0000000000008f88       0x78 zephyr/kernel/libkernel.a(mutex.c.obj)
                0x0000000000008f88                z_impl_k_mutex_unlock
 .text.z_impl_k_sem_give
                0x0000000000009000       0x4c zephyr/kernel/libkernel.a(sem.c.obj)
                0x0000000000009000                z_impl_k_sem_give
 .text.z_impl_k_sem_take
                0x000000000000904c       0x50 zephyr/kernel/libkernel.a(sem.c.obj)
                0x000000000000904c                z_impl_k_sem_take
 .text.z_impl_k_sem_reset
                0x000000000000909c       0x3c zephyr/kernel/libkernel.a(sem.c.obj)
                0x000000000000909c                z_impl_k_sem_reset
 .text.thread_schedule_new
                0x00000000000090d8       0x1c zephyr/kernel/libkernel.a(thread.c.obj)
 .text.z_setup_new_thread
                0x00000000000090f4       0x60 zephyr/kernel/libkernel.a(thread.c.obj)
                0x00000000000090f4                z_setup_new_thread
 .text.update_cache
                0x0000000000009154       0x4c zephyr/kernel/libkernel.a(sched.c.obj)
 .text.unready_thread
                0x00000000000091a0       0x38 zephyr/kernel/libkernel.a(sched.c.obj)
 .text.add_thread_timeout
                0x00000000000091d8       0x20 zephyr/kernel/libkernel.a(sched.c.obj)
 .text.ready_thread
                0x00000000000091f8       0x78 zephyr/kernel/libkernel.a(sched.c.obj)
 .text.halt_thread
                0x0000000000009270       0xc0 zephyr/kernel/libkernel.a(sched.c.obj)
 .text.thread_halt_spin
                0x0000000000009330       0x54 zephyr/kernel/libkernel.a(sched.c.obj)
 .text.z_thread_halt
                0x0000000000009384       0x78 zephyr/kernel/libkernel.a(sched.c.obj)
 .text.move_thread_to_end_of_prio_q
                0x00000000000093fc       0x8c zephyr/kernel/libkernel.a(sched.c.obj)
                0x00000000000093fc                move_thread_to_end_of_prio_q
 .text.z_pend_curr
                0x0000000000009488       0x38 zephyr/kernel/libkernel.a(sched.c.obj)
                0x0000000000009488                z_pend_curr
 .text.z_thread_prio_set
                0x00000000000094c0       0xb8 zephyr/kernel/libkernel.a(sched.c.obj)
                0x00000000000094c0                z_thread_prio_set
 .text.z_reschedule
                0x0000000000009578       0x2c zephyr/kernel/libkernel.a(sched.c.obj)
                0x0000000000009578                z_reschedule
 .text.z_sched_start
                0x00000000000095a4       0x3c zephyr/kernel/libkernel.a(sched.c.obj)
                0x00000000000095a4                z_sched_start
 .text.z_reschedule_irqlock
                0x00000000000095e0       0x2c zephyr/kernel/libkernel.a(sched.c.obj)
                0x00000000000095e0                z_reschedule_irqlock
 .text.k_sched_lock
                0x000000000000960c       0x30 zephyr/kernel/libkernel.a(sched.c.obj)
                0x000000000000960c                k_sched_lock
 .text.k_sched_unlock
                0x000000000000963c       0x3c zephyr/kernel/libkernel.a(sched.c.obj)
                0x000000000000963c                k_sched_unlock
 .text.z_sched_init
                0x0000000000009678       0x10 zephyr/kernel/libkernel.a(sched.c.obj)
                0x0000000000009678                z_sched_init
 .text.z_impl_k_yield
                0x0000000000009688       0x90 zephyr/kernel/libkernel.a(sched.c.obj)
                0x0000000000009688                z_impl_k_yield
 .text.z_tick_sleep
                0x0000000000009718       0x98 zephyr/kernel/libkernel.a(sched.c.obj)
 .text.z_impl_k_sleep
                0x00000000000097b0       0x5c zephyr/kernel/libkernel.a(sched.c.obj)
                0x00000000000097b0                z_impl_k_sleep
 .text.z_impl_k_usleep
                0x000000000000980c       0x78 zephyr/kernel/libkernel.a(sched.c.obj)
                0x000000000000980c                z_impl_k_usleep
 .text.z_impl_k_sched_current_thread_query
                0x0000000000009884        0xc zephyr/kernel/libkernel.a(sched.c.obj)
                0x0000000000009884                z_impl_k_sched_current_thread_query
 .text.slice_timeout
                0x0000000000009890       0x20 zephyr/kernel/libkernel.a(timeslicing.c.obj)
 .text.thread_is_sliceable
                0x00000000000098b0       0x4c zephyr/kernel/libkernel.a(timeslicing.c.obj)
                0x00000000000098b0                thread_is_sliceable
 .text.z_reset_time_slice
                0x00000000000098fc       0x50 zephyr/kernel/libkernel.a(timeslicing.c.obj)
                0x00000000000098fc                z_reset_time_slice
 .text.z_time_slice
                0x000000000000994c       0x70 zephyr/kernel/libkernel.a(timeslicing.c.obj)
                0x000000000000994c                z_time_slice
 .text.z_data_copy
                0x00000000000099bc       0x34 zephyr/kernel/libkernel.a(xip.c.obj)
                0x00000000000099bc                z_data_copy
 .text.first    0x00000000000099f0       0x14 zephyr/kernel/libkernel.a(timeout.c.obj)
 .text.next     0x0000000000009a04       0x18 zephyr/kernel/libkernel.a(timeout.c.obj)
 .text.elapsed  0x0000000000009a1c       0x18 zephyr/kernel/libkernel.a(timeout.c.obj)
 .text.z_add_timeout
                0x0000000000009a34      0x10c zephyr/kernel/libkernel.a(timeout.c.obj)
                0x0000000000009a34                z_add_timeout
 .text.sys_clock_announce
                0x0000000000009b40       0xc4 zephyr/kernel/libkernel.a(timeout.c.obj)
                0x0000000000009b40                sys_clock_announce
 .text.sys_clock_tick_get
                0x0000000000009c04       0x40 zephyr/kernel/libkernel.a(timeout.c.obj)
                0x0000000000009c04                sys_clock_tick_get
 .text.z_timer_expiration_handler
                0x0000000000009c44       0xf4 zephyr/kernel/libkernel.a(timer.c.obj)
                0x0000000000009c44                z_timer_expiration_handler
 .text.z_impl_k_timer_start
                0x0000000000009d38       0x80 zephyr/kernel/libkernel.a(timer.c.obj)
                0x0000000000009d38                z_impl_k_timer_start
 .text.nrf_cc3xx_platform_init_no_rng
                0x0000000000009db8       0x38 D:/Downloads/nordictest/sdk/nrfxlib/crypto/nrf_cc310_platform/lib/cortex-m4/soft-float/no-interrupts/libnrf_cc310_platform_0.9.19.a(nrf_cc3xx_platform.c.obj)
                0x0000000000009db8                nrf_cc3xx_platform_init_no_rng
 .text.nrf_cc3xx_platform_abort
                0x0000000000009df0       0x24 D:/Downloads/nordictest/sdk/nrfxlib/crypto/nrf_cc310_platform/lib/cortex-m4/soft-float/no-interrupts/libnrf_cc310_platform_0.9.19.a(nrf_cc3xx_platform_abort.c.obj)
 .text.CC_PalAbort
                0x0000000000009e14       0x34 D:/Downloads/nordictest/sdk/nrfxlib/crypto/nrf_cc310_platform/lib/cortex-m4/soft-float/no-interrupts/libnrf_cc310_platform_0.9.19.a(nrf_cc3xx_platform_abort.c.obj)
                0x0000000000009e14                CC_PalAbort
 .text.nrf_cc3xx_platform_set_abort
                0x0000000000009e48       0x10 D:/Downloads/nordictest/sdk/nrfxlib/crypto/nrf_cc310_platform/lib/cortex-m4/soft-float/no-interrupts/libnrf_cc310_platform_0.9.19.a(nrf_cc3xx_platform_abort.c.obj)
                0x0000000000009e48                nrf_cc3xx_platform_set_abort
 .text.mutex_free
                0x0000000000009e58       0x34 D:/Downloads/nordictest/sdk/nrfxlib/crypto/nrf_cc310_platform/lib/cortex-m4/soft-float/no-interrupts/libnrf_cc310_platform_0.9.19.a(nrf_cc3xx_platform_mutex.c.obj)
 .text.mutex_lock
                0x0000000000009e8c       0x48 D:/Downloads/nordictest/sdk/nrfxlib/crypto/nrf_cc310_platform/lib/cortex-m4/soft-float/no-interrupts/libnrf_cc310_platform_0.9.19.a(nrf_cc3xx_platform_mutex.c.obj)
 .text.mutex_unlock
                0x0000000000009ed4       0x38 D:/Downloads/nordictest/sdk/nrfxlib/crypto/nrf_cc310_platform/lib/cortex-m4/soft-float/no-interrupts/libnrf_cc310_platform_0.9.19.a(nrf_cc3xx_platform_mutex.c.obj)
 .text.mutex_init
                0x0000000000009f0c       0x20 D:/Downloads/nordictest/sdk/nrfxlib/crypto/nrf_cc310_platform/lib/cortex-m4/soft-float/no-interrupts/libnrf_cc310_platform_0.9.19.a(nrf_cc3xx_platform_mutex.c.obj)
 .text.nrf_cc3xx_platform_set_mutexes
                0x0000000000009f2c       0x74 D:/Downloads/nordictest/sdk/nrfxlib/crypto/nrf_cc310_platform/lib/cortex-m4/soft-float/no-interrupts/libnrf_cc310_platform_0.9.19.a(nrf_cc3xx_platform_mutex.c.obj)
                0x0000000000009f2c                nrf_cc3xx_platform_set_mutexes
 .text.CC_LibInitNoRng
                0x0000000000009fa0       0x64 D:/Downloads/nordictest/sdk/nrfxlib/crypto/nrf_cc310_platform/lib/cortex-m4/soft-float/no-interrupts/libnrf_cc310_platform_0.9.19.a(cc_lib.c.obj)
                0x0000000000009fa0                CC_LibInitNoRng
 .text.CC_HalInit
                0x000000000000a004        0x4 D:/Downloads/nordictest/sdk/nrfxlib/crypto/nrf_cc310_platform/lib/cortex-m4/soft-float/no-interrupts/libnrf_cc310_platform_0.9.19.a(cc_hal.c.obj)
                0x000000000000a004                CC_HalInit
 .text.CC_HalTerminate
                0x000000000000a008        0x4 D:/Downloads/nordictest/sdk/nrfxlib/crypto/nrf_cc310_platform/lib/cortex-m4/soft-float/no-interrupts/libnrf_cc310_platform_0.9.19.a(cc_hal.c.obj)
                0x000000000000a008                CC_HalTerminate
 .text.CC_HalMaskInterrupt
                0x000000000000a00c        0xc D:/Downloads/nordictest/sdk/nrfxlib/crypto/nrf_cc310_platform/lib/cortex-m4/soft-float/no-interrupts/libnrf_cc310_platform_0.9.19.a(cc_hal.c.obj)
                0x000000000000a00c                CC_HalMaskInterrupt
 .text.CC_PalInit
                0x000000000000a018       0x5c D:/Downloads/nordictest/sdk/nrfxlib/crypto/nrf_cc310_platform/lib/cortex-m4/soft-float/no-interrupts/libnrf_cc310_platform_0.9.19.a(cc_pal.c.obj)
                0x000000000000a018                CC_PalInit
 .text.CC_PalTerminate
                0x000000000000a074       0x34 D:/Downloads/nordictest/sdk/nrfxlib/crypto/nrf_cc310_platform/lib/cortex-m4/soft-float/no-interrupts/libnrf_cc310_platform_0.9.19.a(cc_pal.c.obj)
                0x000000000000a074                CC_PalTerminate
 .text.CC_PalDmaInit
                0x000000000000a0a8        0x4 D:/Downloads/nordictest/sdk/nrfxlib/crypto/nrf_cc310_platform/lib/cortex-m4/soft-float/no-interrupts/libnrf_cc310_platform_0.9.19.a(cc_pal_dma.c.obj)
                0x000000000000a0a8                CC_PalDmaInit
 .text.CC_PalDmaTerminate
                0x000000000000a0ac        0x4 D:/Downloads/nordictest/sdk/nrfxlib/crypto/nrf_cc310_platform/lib/cortex-m4/soft-float/no-interrupts/libnrf_cc310_platform_0.9.19.a(cc_pal_dma.c.obj)
                0x000000000000a0ac                CC_PalDmaTerminate
 .text.CC_PalMutexCreate
                0x000000000000a0b0       0x14 D:/Downloads/nordictest/sdk/nrfxlib/crypto/nrf_cc310_platform/lib/cortex-m4/soft-float/no-interrupts/libnrf_cc310_platform_0.9.19.a(cc_pal_mutex.c.obj)
                0x000000000000a0b0                CC_PalMutexCreate
 .text.CC_PalMutexDestroy
                0x000000000000a0c4       0x14 D:/Downloads/nordictest/sdk/nrfxlib/crypto/nrf_cc310_platform/lib/cortex-m4/soft-float/no-interrupts/libnrf_cc310_platform_0.9.19.a(cc_pal_mutex.c.obj)
                0x000000000000a0c4                CC_PalMutexDestroy
 .text.CC_PalPowerSaveModeInit
                0x000000000000a0d8       0x3c D:/Downloads/nordictest/sdk/nrfxlib/crypto/nrf_cc310_platform/lib/cortex-m4/soft-float/no-interrupts/libnrf_cc310_platform_0.9.19.a(cc_pal_pm.c.obj)
                0x000000000000a0d8                CC_PalPowerSaveModeInit
 .text.CC_PalPowerSaveModeSelect
                0x000000000000a114       0x84 D:/Downloads/nordictest/sdk/nrfxlib/crypto/nrf_cc310_platform/lib/cortex-m4/soft-float/no-interrupts/libnrf_cc310_platform_0.9.19.a(cc_pal_pm.c.obj)
                0x000000000000a114                CC_PalPowerSaveModeSelect
 .text.snprintf
                0x000000000000a198       0x58 c:\ncs\toolchains\b620d30767\opt\zephyr-sdk\arm-zephyr-eabi\bin\../lib/gcc/../../picolibc/arm-zephyr-eabi/lib/thumb/v7e-m/nofp\libc.a(libc_tinystdio_snprintf.c.o)
                0x000000000000a198                snprintf
 .text.sprintf  0x000000000000a1f0       0x50 c:\ncs\toolchains\b620d30767\opt\zephyr-sdk\arm-zephyr-eabi\bin\../lib/gcc/../../picolibc/arm-zephyr-eabi/lib/thumb/v7e-m/nofp\libc.a(libc_tinystdio_sprintf.c.o)
                0x000000000000a1f0                sprintf
 .text.__l_vfprintf
                0x000000000000a240      0x4b8 c:\ncs\toolchains\b620d30767\opt\zephyr-sdk\arm-zephyr-eabi\bin\../lib/gcc/../../picolibc/arm-zephyr-eabi/lib/thumb/v7e-m/nofp\libc.a(libc_tinystdio_vflprintf.c.o)
                0x000000000000a240                __l_vfprintf
 .text._OffsetAbsSyms
                0x000000000000a6f8        0x2 zephyr/CMakeFiles/offsets.dir/./arch/arm/core/offsets/offsets.c.obj
                0x000000000000a6f8                _OffsetAbsSyms
 .text.get_sts_mnth
                0x000000000000a6fa       0x28 app/libapp.a(deca_device.c.obj)
 .text.dwt_writetodevice
                0x000000000000a722       0x12 app/libapp.a(deca_device.c.obj)
                0x000000000000a722                dwt_writetodevice
 .text.dwt_write32bitoffsetreg
                0x000000000000a734       0x2a app/libapp.a(deca_device.c.obj)
                0x000000000000a734                dwt_write32bitoffsetreg
 .text.dwt_write16bitoffsetreg
                0x000000000000a75e       0x1e app/libapp.a(deca_device.c.obj)
                0x000000000000a75e                dwt_write16bitoffsetreg
 .text.dwt_write8bitoffsetreg
                0x000000000000a77c       0x1a app/libapp.a(deca_device.c.obj)
                0x000000000000a77c                dwt_write8bitoffsetreg
 .text.dwt_readfromdevice
                0x000000000000a796       0x10 app/libapp.a(deca_device.c.obj)
                0x000000000000a796                dwt_readfromdevice
 .text.dwt_read32bitoffsetreg
                0x000000000000a7a6       0x2e app/libapp.a(deca_device.c.obj)
                0x000000000000a7a6                dwt_read32bitoffsetreg
 .text.dwt_read16bitoffsetreg
                0x000000000000a7d4       0x22 app/libapp.a(deca_device.c.obj)
                0x000000000000a7d4                dwt_read16bitoffsetreg
 .text.dwt_read8bitoffsetreg
                0x000000000000a7f6       0x1a app/libapp.a(deca_device.c.obj)
                0x000000000000a7f6                dwt_read8bitoffsetreg
 .text.dwt_modify32bitoffsetreg
                0x000000000000a810       0x4e app/libapp.a(deca_device.c.obj)
                0x000000000000a810                dwt_modify32bitoffsetreg
 .text.dwt_modify16bitoffsetreg
                0x000000000000a85e       0x2e app/libapp.a(deca_device.c.obj)
                0x000000000000a85e                dwt_modify16bitoffsetreg
 .text.dwt_modify8bitoffsetreg
                0x000000000000a88c       0x22 app/libapp.a(deca_device.c.obj)
                0x000000000000a88c                dwt_modify8bitoffsetreg
 .text.dwt_readdevid
                0x000000000000a8ae        0xc app/libapp.a(deca_device.c.obj)
                0x000000000000a8ae                dwt_readdevid
 .text.dwt_setplenfine
                0x000000000000a8ba        0xe app/libapp.a(deca_device.c.obj)
                0x000000000000a8ba                dwt_setplenfine
 .text.dwt_checkidlerc
                0x000000000000a8c8       0x10 app/libapp.a(deca_device.c.obj)
                0x000000000000a8c8                dwt_checkidlerc
 .text.z_impl_gpio_pin_configure
                0x000000000000a8d8       0x50 app/libapp.a(port.c.obj)
 .text.gpio_pin_set_raw
                0x000000000000a928       0x20 app/libapp.a(port.c.obj)
 .text.gpio_pin_set
                0x000000000000a948       0x1a app/libapp.a(port.c.obj)
 .text.k_msleep
                0x000000000000a962       0x2c app/libapp.a(port.c.obj)
 .text.Sleep    0x000000000000a98e        0x8 app/libapp.a(port.c.obj)
                0x000000000000a98e                Sleep
 .text.spi_peripheral_init
                0x000000000000a996        0x8 app/libapp.a(port.c.obj)
                0x000000000000a996                spi_peripheral_init
 .text.port_set_dw_ic_spi_slowrate
                0x000000000000a99e        0x8 app/libapp.a(port.c.obj)
                0x000000000000a99e                port_set_dw_ic_spi_slowrate
 .text.port_set_dw_ic_spi_fastrate
                0x000000000000a9a6        0x8 app/libapp.a(port.c.obj)
                0x000000000000a9a6                port_set_dw_ic_spi_fastrate
 .text.deca_sleep
                0x000000000000a9ae        0x8 app/libapp.a(deca_sleep.c.obj)
                0x000000000000a9ae                deca_sleep
 .text.deca_usleep
                0x000000000000a9b6        0x8 app/libapp.a(deca_sleep.c.obj)
                0x000000000000a9b6                deca_usleep
 .text.gpio_pin_set_raw
                0x000000000000a9be       0x20 app/libapp.a(deca_spi.c.obj)
 .text.gpio_pin_set
                0x000000000000a9de       0x1a app/libapp.a(deca_spi.c.obj)
 .text.set_chunk_used
                0x000000000000a9f8       0x38 zephyr/libzephyr.a(heap.c.obj)
 .text.free_list_add_bidx
                0x000000000000aa30       0xa4 zephyr/libzephyr.a(heap.c.obj)
 .text.free_list_add
                0x000000000000aad4       0x52 zephyr/libzephyr.a(heap.c.obj)
 .text.sys_heap_init
                0x000000000000ab26       0xfc zephyr/libzephyr.a(heap.c.obj)
                0x000000000000ab26                sys_heap_init
 .text.cbprintf_via_va_list
                0x000000000000ac22        0xe zephyr/libzephyr.a(cbprintf_packaged.c.obj)
 .text.is_fmt_spec
                0x000000000000ac30        0xe zephyr/libzephyr.a(cbprintf_packaged.c.obj)
 .text.get_package_len
                0x000000000000ac3e       0x2a zephyr/libzephyr.a(cbprintf_packaged.c.obj)
 .text.append_string
                0x000000000000ac68       0x2c zephyr/libzephyr.a(cbprintf_packaged.c.obj)
 .text.cbpprintf_external
                0x000000000000ac94       0x60 zephyr/libzephyr.a(cbprintf_packaged.c.obj)
                0x000000000000ac94                cbpprintf_external
 .text.is_ptr   0x000000000000acf4       0x4e zephyr/libzephyr.a(cbprintf_packaged.c.obj)
                0x000000000000acf4                is_ptr
 .text.arch_printk_char_out
                0x000000000000ad42        0x4 zephyr/libzephyr.a(printk.c.obj)
                0x000000000000ad42                arch_printk_char_out
 .text.vprintk  0x000000000000ad46        0x8 zephyr/libzephyr.a(printk.c.obj)
                0x000000000000ad46                vprintk
 .text.printk   0x000000000000ad4e       0x1c zephyr/libzephyr.a(printk.c.obj)
                0x000000000000ad4e                printk
 .text.free_space
                0x000000000000ad6a       0x28 zephyr/libzephyr.a(mpsc_pbuf.c.obj)
 .text.available
                0x000000000000ad92       0x24 zephyr/libzephyr.a(mpsc_pbuf.c.obj)
 .text.get_usage
                0x000000000000adb6       0x24 zephyr/libzephyr.a(mpsc_pbuf.c.obj)
 .text.max_utilization_update
                0x000000000000adda       0x26 zephyr/libzephyr.a(mpsc_pbuf.c.obj)
 .text.rd_idx_inc
                0x000000000000ae00       0x26 zephyr/libzephyr.a(mpsc_pbuf.c.obj)
 .text.add_skip_item
                0x000000000000ae26       0x66 zephyr/libzephyr.a(mpsc_pbuf.c.obj)
 .text.drop_item_locked
                0x000000000000ae8c      0x12a zephyr/libzephyr.a(mpsc_pbuf.c.obj)
 .text.post_drop_action
                0x000000000000afb6       0x62 zephyr/libzephyr.a(mpsc_pbuf.c.obj)
 .text.mpsc_pbuf_init
                0x000000000000b018       0x42 zephyr/libzephyr.a(mpsc_pbuf.c.obj)
                0x000000000000b018                mpsc_pbuf_init
 .text.mpsc_pbuf_alloc
                0x000000000000b05a      0x130 zephyr/libzephyr.a(mpsc_pbuf.c.obj)
                0x000000000000b05a                mpsc_pbuf_alloc
 .text.mpsc_pbuf_commit
                0x000000000000b18a       0x50 zephyr/libzephyr.a(mpsc_pbuf.c.obj)
                0x000000000000b18a                mpsc_pbuf_commit
 .text.mpsc_pbuf_claim
                0x000000000000b1da       0xd0 zephyr/libzephyr.a(mpsc_pbuf.c.obj)
                0x000000000000b1da                mpsc_pbuf_claim
 .text.mpsc_pbuf_free
                0x000000000000b2aa       0x88 zephyr/libzephyr.a(mpsc_pbuf.c.obj)
                0x000000000000b2aa                mpsc_pbuf_free
 .text.mpsc_pbuf_is_pending
                0x000000000000b332       0x2c zephyr/libzephyr.a(mpsc_pbuf.c.obj)
                0x000000000000b332                mpsc_pbuf_is_pending
 .text.set_state
                0x000000000000b35e       0x10 zephyr/libzephyr.a(onoff.c.obj)
 .text.notify_monitors
                0x000000000000b36e       0x44 zephyr/libzephyr.a(onoff.c.obj)
 .text.process_recheck
                0x000000000000b3b2       0x32 zephyr/libzephyr.a(onoff.c.obj)
 .text.process_complete
                0x000000000000b3e4       0xa2 zephyr/libzephyr.a(onoff.c.obj)
 .text.validate_args
                0x000000000000b486       0x2a zephyr/libzephyr.a(onoff.c.obj)
 .text.notify_one
                0x000000000000b4b0       0x26 zephyr/libzephyr.a(onoff.c.obj)
 .text.notify_all
                0x000000000000b4d6       0x2e zephyr/libzephyr.a(onoff.c.obj)
 .text.transition_complete
                0x000000000000b504       0x1c zephyr/libzephyr.a(onoff.c.obj)
 .text.onoff_manager_init
                0x000000000000b520       0x3a zephyr/libzephyr.a(onoff.c.obj)
                0x000000000000b520                onoff_manager_init
 .text.onoff_request
                0x000000000000b55a       0xbe zephyr/libzephyr.a(onoff.c.obj)
                0x000000000000b55a                onoff_request
 .text.sys_notify_validate
                0x000000000000b618       0x2e zephyr/libzephyr.a(notify.c.obj)
                0x000000000000b618                sys_notify_validate
 .text.sys_notify_finalize
                0x000000000000b646       0x1a zephyr/libzephyr.a(notify.c.obj)
                0x000000000000b646                sys_notify_finalize
 .text._ConfigAbsSyms
                0x000000000000b660        0x2 zephyr/libzephyr.a(configs.c.obj)
                0x000000000000b660                _ConfigAbsSyms
 .text.log_msg_generic_get_wlen
                0x000000000000b662       0x20 zephyr/libzephyr.a(log_core.c.obj)
 .text.dummy_timestamp
                0x000000000000b682        0x4 zephyr/libzephyr.a(log_core.c.obj)
 .text.msg_filter_check
                0x000000000000b686        0x4 zephyr/libzephyr.a(log_core.c.obj)
 .text.default_get_timestamp
                0x000000000000b68a        0x8 zephyr/libzephyr.a(log_core.c.obj)
 .text.k_msleep
                0x000000000000b692       0x2c zephyr/libzephyr.a(log_core.c.obj)
 .text.msg_alloc
                0x000000000000b6be        0xc zephyr/libzephyr.a(log_core.c.obj)
 .text.msg_free
                0x000000000000b6ca        0x8 zephyr/libzephyr.a(log_core.c.obj)
 .text.msg_pending
                0x000000000000b6d2        0x8 zephyr/libzephyr.a(log_core.c.obj)
 .text.z_log_vprintk
                0x000000000000b6da       0x1e zephyr/libzephyr.a(log_core.c.obj)
                0x000000000000b6da                z_log_vprintk
 .text.z_log_notify_drop
                0x000000000000b6f8        0xa zephyr/libzephyr.a(log_core.c.obj)
 .text.z_log_msg_claim
                0x000000000000b702        0x8 zephyr/libzephyr.a(log_core.c.obj)
                0x000000000000b702                z_log_msg_claim
 .text.msg_commit
                0x000000000000b70a        0xc zephyr/libzephyr.a(log_core.c.obj)
 .text.z_log_get_tag
                0x000000000000b716        0x4 zephyr/libzephyr.a(log_core.c.obj)
                0x000000000000b716                z_log_get_tag
 .text.z_cbprintf_cpy
                0x000000000000b71a       0x2c zephyr/libzephyr.a(log_msg.c.obj)
 .text.z_log_msg_finalize
                0x000000000000b746       0x2e zephyr/libzephyr.a(log_msg.c.obj)
                0x000000000000b746                z_log_msg_finalize
 .text.z_log_msg_simple_create
                0x000000000000b774       0x62 zephyr/libzephyr.a(log_msg.c.obj)
 .text.z_impl_z_log_msg_simple_create_0
                0x000000000000b7d6       0x14 zephyr/libzephyr.a(log_msg.c.obj)
                0x000000000000b7d6                z_impl_z_log_msg_simple_create_0
 .text.z_impl_z_log_msg_simple_create_1
                0x000000000000b7ea       0x16 zephyr/libzephyr.a(log_msg.c.obj)
                0x000000000000b7ea                z_impl_z_log_msg_simple_create_1
 .text.z_log_msg_static_create
                0x000000000000b800        0x8 zephyr/libzephyr.a(log_msg.c.obj)
 .text.log_output_flush
                0x000000000000b808       0x2e zephyr/libzephyr.a(log_output.c.obj)
 .text.out_func
                0x000000000000b836       0x38 zephyr/libzephyr.a(log_output.c.obj)
 .text.cr_out_func
                0x000000000000b86e       0x1e zephyr/libzephyr.a(log_output.c.obj)
 .text.color_prefix
                0x000000000000b88c        0xc zephyr/libzephyr.a(log_output.c.obj)
 .text.color_postfix
                0x000000000000b898        0xc zephyr/libzephyr.a(log_output.c.obj)
 .text.postfix_print
                0x000000000000b8a4       0x18 zephyr/libzephyr.a(log_output.c.obj)
 .text.log_msg_hexdump
                0x000000000000b8bc       0x36 zephyr/libzephyr.a(log_output.c.obj)
 .text.log_output_msg_process
                0x000000000000b8f2       0x66 zephyr/libzephyr.a(log_output.c.obj)
                0x000000000000b8f2                log_output_msg_process
 .text.log_output_flush
                0x000000000000b958       0x2e zephyr/libzephyr.a(log_backend_rtt.c.obj)
 .text.k_msleep
                0x000000000000b986       0x2c zephyr/libzephyr.a(log_backend_rtt.c.obj)
 .text.log_output_flush
                0x000000000000b9b2       0x2e zephyr/libzephyr.a(log_backend_uart.c.obj)
 .text.format_set
                0x000000000000b9e0        0xc zephyr/libzephyr.a(log_backend_uart.c.obj)
 .text.log_backend_uart_init
                0x000000000000b9ec        0xc zephyr/libzephyr.a(log_backend_uart.c.obj)
 .text.panic    0x000000000000b9f8       0x14 zephyr/libzephyr.a(log_backend_uart.c.obj)
 .text.dropped  0x000000000000ba0c        0xe zephyr/libzephyr.a(log_backend_uart.c.obj)
 .text.process  0x000000000000ba1a       0x1c zephyr/libzephyr.a(log_backend_uart.c.obj)
 .text.abort_function
                0x000000000000ba36        0x2 zephyr/libzephyr.a(nrf_cc3xx_platform_abort_zephyr.c.obj)
 .text.z_do_kernel_oops
                0x000000000000ba38        0xc zephyr/arch/arch/arm/core/libarch__arm__core.a(fatal.c.obj)
                0x000000000000ba38                z_do_kernel_oops
 .text.z_arm_nmi
                0x000000000000ba44        0xc zephyr/arch/arch/arm/core/libarch__arm__core.a(nmi.c.obj)
                0x000000000000ba44                z_arm_nmi
 .text.memory_fault_recoverable
                0x000000000000ba50        0x4 zephyr/arch/arch/arm/core/cortex_m/libarch__arm__core__cortex_m.a(fault.c.obj)
 .text.fault_handle
                0x000000000000ba54       0x4a zephyr/arch/arch/arm/core/cortex_m/libarch__arm__core__cortex_m.a(fault.c.obj)
 .text.arch_irq_enable
                0x000000000000ba9e        0xa zephyr/arch/arch/arm/core/cortex_m/libarch__arm__core__cortex_m.a(irq_manage.c.obj)
                0x000000000000ba9e                arch_irq_enable
 .text.arch_irq_disable
                0x000000000000baa8        0xa zephyr/arch/arch/arm/core/cortex_m/libarch__arm__core__cortex_m.a(irq_manage.c.obj)
                0x000000000000baa8                arch_irq_disable
 .text.z_arm_irq_priority_set
                0x000000000000bab2        0xc zephyr/arch/arch/arm/core/cortex_m/libarch__arm__core__cortex_m.a(irq_manage.c.obj)
                0x000000000000bab2                z_arm_irq_priority_set
 .text.z_irq_spurious
                0x000000000000babe        0xc zephyr/arch/arch/arm/core/cortex_m/libarch__arm__core__cortex_m.a(irq_manage.c.obj)
                0x000000000000babe                z_irq_spurious
 .text.arch_irq_unlock_outlined
                0x000000000000baca        0xe zephyr/arch/arch/arm/core/cortex_m/libarch__arm__core__cortex_m.a(thread.c.obj)
                0x000000000000baca                arch_irq_unlock_outlined
 .text.arch_cpu_idle
                0x000000000000bad8       0x1a zephyr/arch/arch/arm/core/cortex_m/libarch__arm__core__cortex_m.a(cpu_idle.c.obj)
                0x000000000000bad8                arch_cpu_idle
 .text.arch_cpu_atomic_idle
                0x000000000000baf2       0x1e zephyr/arch/arch/arm/core/cortex_m/libarch__arm__core__cortex_m.a(cpu_idle.c.obj)
                0x000000000000baf2                arch_cpu_atomic_idle
 .text.mpu_partition_is_valid
                0x000000000000bb10       0x22 zephyr/arch/arch/arm/core/mpu/libarch__arm__core__mpu.a(arm_mpu.c.obj)
 .text.mpu_configure_region
                0x000000000000bb32       0x3e zephyr/arch/arch/arm/core/mpu/libarch__arm__core__mpu.a(arm_mpu.c.obj)
 .text.mpu_configure_regions_from_dt
                0x000000000000bb70      0x1b0 zephyr/arch/arch/arm/core/mpu/libarch__arm__core__mpu.a(arm_mpu.c.obj)
 .text.arm_core_mpu_configure_static_mpu_regions
                0x000000000000bd20        0x8 zephyr/arch/arch/arm/core/mpu/libarch__arm__core__mpu.a(arm_mpu.c.obj)
                0x000000000000bd20                arm_core_mpu_configure_static_mpu_regions
 .text.arm_core_mpu_configure_dynamic_mpu_regions
                0x000000000000bd28        0x8 zephyr/arch/arch/arm/core/mpu/libarch__arm__core__mpu.a(arm_mpu.c.obj)
                0x000000000000bd28                arm_core_mpu_configure_dynamic_mpu_regions
 .text.cbputc   0x000000000000bd30        0xc zephyr/lib/libc/picolibc/liblib__libc__picolibc.a(libc-hooks.c.obj)
 .text.picolibc_put
                0x000000000000bd3c        0xa zephyr/lib/libc/picolibc/liblib__libc__picolibc.a(libc-hooks.c.obj)
 .text.nrf52_errata_197
                0x000000000000bd46       0x20 zephyr/soc/soc/nrf52840/libsoc__nordic.a(soc.c.obj)
 .text.nrf_clock_is_running
                0x000000000000bd66       0x38 zephyr/drivers/clock_control/libdrivers__clock_control.a(clock_control_nrf.c.obj)
 .text.get_sub_data
                0x000000000000bd9e        0xe zephyr/drivers/clock_control/libdrivers__clock_control.a(clock_control_nrf.c.obj)
 .text.get_sub_config
                0x000000000000bdac        0xc zephyr/drivers/clock_control/libdrivers__clock_control.a(clock_control_nrf.c.obj)
 .text.get_onoff_manager
                0x000000000000bdb8        0xc zephyr/drivers/clock_control/libdrivers__clock_control.a(clock_control_nrf.c.obj)
 .text.get_status
                0x000000000000bdc4       0x10 zephyr/drivers/clock_control/libdrivers__clock_control.a(clock_control_nrf.c.obj)
 .text.set_off_state
                0x000000000000bdd4       0x30 zephyr/drivers/clock_control/libdrivers__clock_control.a(clock_control_nrf.c.obj)
 .text.set_starting_state
                0x000000000000be04       0x3a zephyr/drivers/clock_control/libdrivers__clock_control.a(clock_control_nrf.c.obj)
 .text.set_on_state
                0x000000000000be3e       0x24 zephyr/drivers/clock_control/libdrivers__clock_control.a(clock_control_nrf.c.obj)
 .text.clkstarted_handle
                0x000000000000be62       0x24 zephyr/drivers/clock_control/libdrivers__clock_control.a(clock_control_nrf.c.obj)
 .text.stop     0x000000000000be86       0x2a zephyr/drivers/clock_control/libdrivers__clock_control.a(clock_control_nrf.c.obj)
 .text.api_stop
                0x000000000000beb0        0xa zephyr/drivers/clock_control/libdrivers__clock_control.a(clock_control_nrf.c.obj)
 .text.async_start
                0x000000000000beba       0x38 zephyr/drivers/clock_control/libdrivers__clock_control.a(clock_control_nrf.c.obj)
 .text.api_start
                0x000000000000bef2       0x10 zephyr/drivers/clock_control/libdrivers__clock_control.a(clock_control_nrf.c.obj)
 .text.onoff_started_callback
                0x000000000000bf02       0x10 zephyr/drivers/clock_control/libdrivers__clock_control.a(clock_control_nrf.c.obj)
 .text.hfclk_start
                0x000000000000bf12        0xa zephyr/drivers/clock_control/libdrivers__clock_control.a(clock_control_nrf.c.obj)
 .text.lfclk_start
                0x000000000000bf1c        0xa zephyr/drivers/clock_control/libdrivers__clock_control.a(clock_control_nrf.c.obj)
 .text.hfclk_stop
                0x000000000000bf26        0xa zephyr/drivers/clock_control/libdrivers__clock_control.a(clock_control_nrf.c.obj)
 .text.lfclk_stop
                0x000000000000bf30        0xa zephyr/drivers/clock_control/libdrivers__clock_control.a(clock_control_nrf.c.obj)
 .text.k_msleep
                0x000000000000bf3a       0x2c zephyr/drivers/clock_control/libdrivers__clock_control.a(clock_control_nrf.c.obj)
 .text.blocking_start_callback
                0x000000000000bf66        0xa zephyr/drivers/clock_control/libdrivers__clock_control.a(clock_control_nrf.c.obj)
 .text.sys_slist_remove
                0x000000000000bf70       0x26 zephyr/drivers/gpio/libdrivers__gpio.a(gpio_nrfx.c.obj)
 .text.sys_slist_find_and_remove
                0x000000000000bf96       0x20 zephyr/drivers/gpio/libdrivers__gpio.a(gpio_nrfx.c.obj)
 .text.gpio_manage_callback
                0x000000000000bfb6       0x3e zephyr/drivers/gpio/libdrivers__gpio.a(gpio_nrfx.c.obj)
 .text.gpio_fire_callbacks
                0x000000000000bff4       0x40 zephyr/drivers/gpio/libdrivers__gpio.a(gpio_nrfx.c.obj)
 .text.has_gpiote
                0x000000000000c034        0xa zephyr/drivers/gpio/libdrivers__gpio.a(gpio_nrfx.c.obj)
 .text.get_pull
                0x000000000000c03e       0x18 zephyr/drivers/gpio/libdrivers__gpio.a(gpio_nrfx.c.obj)
 .text.gpio_nrfx_gpd_retain_set
                0x000000000000c056        0x4 zephyr/drivers/gpio/libdrivers__gpio.a(gpio_nrfx.c.obj)
 .text.gpio_nrfx_gpd_retain_clear
                0x000000000000c05a        0x4 zephyr/drivers/gpio/libdrivers__gpio.a(gpio_nrfx.c.obj)
 .text.gpio_nrfx_port_get_raw
                0x000000000000c05e        0xe zephyr/drivers/gpio/libdrivers__gpio.a(gpio_nrfx.c.obj)
 .text.gpio_nrfx_port_set_masked_raw
                0x000000000000c06c       0x34 zephyr/drivers/gpio/libdrivers__gpio.a(gpio_nrfx.c.obj)
 .text.gpio_nrfx_port_set_bits_raw
                0x000000000000c0a0       0x24 zephyr/drivers/gpio/libdrivers__gpio.a(gpio_nrfx.c.obj)
 .text.gpio_nrfx_port_clear_bits_raw
                0x000000000000c0c4       0x24 zephyr/drivers/gpio/libdrivers__gpio.a(gpio_nrfx.c.obj)
 .text.gpio_nrfx_port_toggle_bits
                0x000000000000c0e8       0x36 zephyr/drivers/gpio/libdrivers__gpio.a(gpio_nrfx.c.obj)
 .text.get_trigger
                0x000000000000c11e       0x2c zephyr/drivers/gpio/libdrivers__gpio.a(gpio_nrfx.c.obj)
 .text.gpio_nrfx_manage_callback
                0x000000000000c14a        0xc zephyr/drivers/gpio/libdrivers__gpio.a(gpio_nrfx.c.obj)
 .text.nrfx_gpio_handler
                0x000000000000c156       0x1e zephyr/drivers/gpio/libdrivers__gpio.a(gpio_nrfx.c.obj)
 .text.pinctrl_lookup_state
                0x000000000000c174       0x32 zephyr/drivers/pinctrl/libdrivers__pinctrl.a(common.c.obj)
                0x000000000000c174                pinctrl_lookup_state
 .text.nrf_gpio_pin_write
                0x000000000000c1a6       0x10 zephyr/drivers/pinctrl/libdrivers__pinctrl.a(pinctrl_nrf.c.obj)
 .text.pm_device_driver_init
                0x000000000000c1b6       0x24 zephyr/drivers/serial/libdrivers__serial.a(uart_nrfx_uarte.c.obj)
 .text.endtx_isr
                0x000000000000c1da       0x30 zephyr/drivers/serial/libdrivers__serial.a(uart_nrfx_uarte.c.obj)
 .text.uarte_nrfx_isr_int
                0x000000000000c20a       0x22 zephyr/drivers/serial/libdrivers__serial.a(uart_nrfx_uarte.c.obj)
 .text.uarte_nrfx_err_check
                0x000000000000c22c        0xe zephyr/drivers/serial/libdrivers__serial.a(uart_nrfx_uarte.c.obj)
 .text.is_tx_ready
                0x000000000000c23a       0x28 zephyr/drivers/serial/libdrivers__serial.a(uart_nrfx_uarte.c.obj)
 .text.uarte_periph_enable
                0x000000000000c262       0x26 zephyr/drivers/serial/libdrivers__serial.a(uart_nrfx_uarte.c.obj)
 .text.tx_start
                0x000000000000c288       0x24 zephyr/drivers/serial/libdrivers__serial.a(uart_nrfx_uarte.c.obj)
 .text.uarte_nrfx_poll_in
                0x000000000000c2ac       0x26 zephyr/drivers/serial/libdrivers__serial.a(uart_nrfx_uarte.c.obj)
 .text.k_msleep
                0x000000000000c2d2       0x2c zephyr/drivers/serial/libdrivers__serial.a(uart_nrfx_uarte.c.obj)
 .text.wait_tx_ready
                0x000000000000c2fe       0x4a zephyr/drivers/serial/libdrivers__serial.a(uart_nrfx_uarte.c.obj)
 .text.pinctrl_apply_state
                0x000000000000c348       0x20 zephyr/drivers/serial/libdrivers__serial.a(uart_nrfx_uarte.c.obj)
 .text.uarte_pm_resume
                0x000000000000c368       0x16 zephyr/drivers/serial/libdrivers__serial.a(uart_nrfx_uarte.c.obj)
 .text.uarte_nrfx_pm_action
                0x000000000000c37e       0x14 zephyr/drivers/serial/libdrivers__serial.a(uart_nrfx_uarte.c.obj)
 .text.uarte_tx_path_init
                0x000000000000c392       0x66 zephyr/drivers/serial/libdrivers__serial.a(uart_nrfx_uarte.c.obj)
 .text.uarte_0_init
                0x000000000000c3f8       0x1e zephyr/drivers/serial/libdrivers__serial.a(uart_nrfx_uarte.c.obj)
 .text.z_impl_gpio_pin_configure
                0x000000000000c416       0x50 zephyr/drivers/spi/libdrivers__spi.a(spi_nrfx_spi.c.obj)
 .text.gpio_pin_configure_dt
                0x000000000000c466       0x16 zephyr/drivers/spi/libdrivers__spi.a(spi_nrfx_spi.c.obj)
 .text.gpio_pin_set_raw
                0x000000000000c47c       0x20 zephyr/drivers/spi/libdrivers__spi.a(spi_nrfx_spi.c.obj)
 .text.gpio_pin_set
                0x000000000000c49c       0x1a zephyr/drivers/spi/libdrivers__spi.a(spi_nrfx_spi.c.obj)
 .text.nrf_gpio_pin_write
                0x000000000000c4b6       0x10 zephyr/drivers/spi/libdrivers__spi.a(spi_nrfx_spi.c.obj)
 .text.spi_context_get_next_buf
                0x000000000000c4c6       0x2e zephyr/drivers/spi/libdrivers__spi.a(spi_nrfx_spi.c.obj)
 .text.spi_context_buffers_setup
                0x000000000000c4f4       0x60 zephyr/drivers/spi/libdrivers__spi.a(spi_nrfx_spi.c.obj)
 .text._spi_context_cs_control
                0x000000000000c554       0x40 zephyr/drivers/spi/libdrivers__spi.a(spi_nrfx_spi.c.obj)
 .text.spi_context_unlock_unconditionally
                0x000000000000c594       0x1e zephyr/drivers/spi/libdrivers__spi.a(spi_nrfx_spi.c.obj)
 .text.spi_nrfx_release
                0x000000000000c5b2       0x24 zephyr/drivers/spi/libdrivers__spi.a(spi_nrfx_spi.c.obj)
 .text.finish_transaction
                0x000000000000c5d6       0x16 zephyr/drivers/spi/libdrivers__spi.a(spi_nrfx_spi.c.obj)
 .text.spi_context_release
                0x000000000000c5ec       0x1a zephyr/drivers/spi/libdrivers__spi.a(spi_nrfx_spi.c.obj)
 .text.spi_context_lock
                0x000000000000c606       0x2c zephyr/drivers/spi/libdrivers__spi.a(spi_nrfx_spi.c.obj)
 .text.spi_nrfx_transceive
                0x000000000000c632       0x14 zephyr/drivers/spi/libdrivers__spi.a(spi_nrfx_spi.c.obj)
 .text.irq_connect1
                0x000000000000c646        0xe zephyr/drivers/spi/libdrivers__spi.a(spi_nrfx_spi.c.obj)
 .text.pinctrl_apply_state
                0x000000000000c654       0x20 zephyr/drivers/spi/libdrivers__spi.a(spi_nrfx_spi.c.obj)
 .text.nrf_gpio_cfg_input
                0x000000000000c674       0x18 zephyr/drivers/spi/libdrivers__spi.a(spi_nrfx_common.c.obj)
 .text.spi_nrfx_wake_request
                0x000000000000c68c       0x50 zephyr/drivers/spi/libdrivers__spi.a(spi_nrfx_common.c.obj)
                0x000000000000c68c                spi_nrfx_wake_request
 .text.z_impl_gpio_pin_configure